Archive member included to satisfy reference by file (symbol)

obj_iotdk_10/gnu_arcem9d/board/iotdk/drivers/ip/designware/i2s/dw_i2s_obj.o
                              obj_iotdk_10/gnu_arcem9d/application/./recorder.o (i2s_get_dev)
obj_iotdk_10/gnu_arcem9d/board/iotdk/drivers/ip/subsystem/gpio/dfss_gpio_obj.o
                              obj_iotdk_10/gnu_arcem9d/application/./main.o (gpio_get_dev)
obj_iotdk_10/gnu_arcem9d/device/ip/designware/i2s/dw_i2s.o
                              obj_iotdk_10/gnu_arcem9d/application/./recorder.o (dw_i2s_open)
obj_iotdk_10/gnu_arcem9d/device/ip/subsystem/gpio/ss_gpio.o
                              obj_iotdk_10/gnu_arcem9d/board/iotdk/drivers/ip/subsystem/gpio/dfss_gpio_obj.o (ss_gpio_open)
obj_iotdk_10/gnu_arcem9d/device/peripheral/sensor/imu/mpu9250/mpu9250.o
                              obj_iotdk_10/gnu_arcem9d/application/./main.o (mpu9250_sensor_init)
obj_iotdk_10/gnu_arcem9d/device/peripheral/sensor/imu/mpu9250/inv_mpu_dmp_motion_driver.o
                              obj_iotdk_10/gnu_arcem9d/device/peripheral/sensor/imu/mpu9250/mpu9250.o (dmp_load_motion_driver_firmware)
obj_iotdk_10/gnu_arcem9d/device/peripheral/sensor/imu/mpu9250/inv_mpu.o
                              obj_iotdk_10/gnu_arcem9d/device/peripheral/sensor/imu/mpu9250/inv_mpu_dmp_motion_driver.o (mpu_reset_fifo)
obj_iotdk_10/gnu_arcem9d/board/iotdk/common/iotdk_init.o
                              obj_iotdk_10/gnu_arcem9d/board/board.o (board_init)
obj_iotdk_10/gnu_arcem9d/board/iotdk/common/iotdk_timer.o
                              obj_iotdk_10/gnu_arcem9d/device/peripheral/sensor/imu/mpu9250/mpu9250.o (gl_iotdk_ms_cnt)
obj_iotdk_10/gnu_arcem9d/board/iotdk/drivers/mux/mux.o
                              obj_iotdk_10/gnu_arcem9d/board/iotdk/common/iotdk_init.o (io_pmod_config)
obj_iotdk_10/gnu_arcem9d/board/iotdk/drivers/sysconf/sysconf.o
                              obj_iotdk_10/gnu_arcem9d/board/iotdk/drivers/mux/mux.o (sysconf_reg_ptr)
obj_iotdk_10/gnu_arcem9d/middleware/common/console_io.o
                              obj_iotdk_10/gnu_arcem9d/board/board.o (xprintf_setup)
obj_iotdk_10/gnu_arcem9d/middleware/common/xprintf/xprintf.o
                              obj_iotdk_10/gnu_arcem9d/middleware/common/console_io.o (xfunc_out)
obj_iotdk_10/gnu_arcem9d/arc/arc_timer.o
                              obj_iotdk_10/gnu_arcem9d/application/./main.o (timer_present)
obj_iotdk_10/gnu_arcem9d/arc/arc_cache.o
                              obj_iotdk_10/gnu_arcem9d/arc/startup/arc_startup.o (arc_cache_init)
obj_iotdk_10/gnu_arcem9d/arc/arc_exception.o
                              obj_iotdk_10/gnu_arcem9d/arc/startup/arc_startup.o (exc_int_init)
obj_iotdk_10/gnu_arcem9d/arc/arc_exc_asm.o
                              obj_iotdk_10/gnu_arcem9d/arc/arc_exception.o (exc_entry_cpu)
obj_iotdk_10/gnu_arcem9d/library/clib/embarc_misc.o
                              obj_iotdk_10/gnu_arcem9d/middleware/common/console_io.o (gnu_printf_setup)
obj_iotdk_10/gnu_arcem9d/board/iotdk/drivers/ip/subsystem/iic/dfss_iic_obj.o
                              obj_iotdk_10/gnu_arcem9d/device/peripheral/sensor/imu/mpu9250/mpu9250.o (iic_get_dev)
obj_iotdk_10/gnu_arcem9d/board/iotdk/drivers/ip/subsystem/uart/dfss_uart_obj.o
                              obj_iotdk_10/gnu_arcem9d/middleware/common/console_io.o (uart_get_dev)
obj_iotdk_10/gnu_arcem9d/device/ip/subsystem/gpio/gpio.o
                              obj_iotdk_10/gnu_arcem9d/device/ip/subsystem/gpio/ss_gpio.o (io_gpio_open)
obj_iotdk_10/gnu_arcem9d/device/ip/subsystem/iic/ss_i2c_master.o
                              obj_iotdk_10/gnu_arcem9d/board/iotdk/drivers/ip/subsystem/iic/dfss_iic_obj.o (ss_iic_master_close)
obj_iotdk_10/gnu_arcem9d/device/ip/subsystem/uart/ss_uart.o
                              obj_iotdk_10/gnu_arcem9d/board/iotdk/drivers/ip/subsystem/uart/dfss_uart_obj.o (ss_uart_open)
obj_iotdk_10/gnu_arcem9d/device/ip/subsystem/uart/uart.o
                              obj_iotdk_10/gnu_arcem9d/device/ip/subsystem/uart/ss_uart.o (io_uart_open)
obj_iotdk_10/gnu_arcem9d/device/ip/subsystem/iic/i2c_master.o
                              obj_iotdk_10/gnu_arcem9d/device/ip/subsystem/iic/ss_i2c_master.o (io_i2c_master_open)
libCSpotter_IC.a(CSpotterSDKApi.o)
                              obj_iotdk_10/gnu_arcem9d/application/./Spotter_IC.o (CSpotter_GetVersion)
libCSpotter_IC.a(BsrAli.o)    libCSpotter_IC.a(CSpotterSDKApi.o) (BsrJohn)
libCSpotter_IC.a(BsrGo.o)     libCSpotter_IC.a(CSpotterSDKApi.o) (NINJA_API_1)
libCSpotter_IC.a(BsrJim.o)    libCSpotter_IC.a(BsrGo.o) (BsrMichael)
libCSpotter_IC.a(BsrJoe.o)    libCSpotter_IC.a(BsrJim.o) (BsrZoe)
libCSpotter_IC.a(BsrKai.o)    libCSpotter_IC.a(BsrGo.o) (BsrMya)
libCSpotter_IC.a(BsrDon.o)    libCSpotter_IC.a(BsrGo.o) (BsrAlma)
libCSpotter_IC.a(BsrEli.o)    libCSpotter_IC.a(BsrDon.o) (BsrErica)
libCSpotter_IC.a(BsrEva.o)    libCSpotter_IC.a(BsrDon.o) (BsrEden)
[...]
Memory Configuration

Name             Origin             Length             Attributes
REGION_ICCM      0x20000000         0x00040000
REGION_DCCM      0x80000000         0x00020000
REGION_EXT_ROM   0x00000000         0x00040000
REGION_EXT_RAM   0x30000000         0x00020000
*default*        0x00000000         0xffffffff

Linker script and memory map

LOAD c:/arc_gnu/bin/../lib/gcc/arc-elf32/8.3.1/../../../../arc-elf32/lib/em4_fpuda\libm.a

.init           0x20000000      0x214
                0x20000000                . = (. + 0x0)
                0x20000000                _f_init = .
 *(.init_vector .init_vector.*)
 .init_vector   0x20000000        0x4 obj_iotdk_10/gnu_arcem9d/arc/startup/arc_startup.o
 *(.init_bootstrap .init_bootstrap.*)
 .init_bootstrap
                0x20000004      0x210 obj_iotdk_10/gnu_arcem9d/arc/startup/arc_startup.o
                0x20000004                _arc_reset
                0x20000004                _start
                0x20000200                _exit_loop
                0x20000200                _exit_halt
                0x20000214                _e_init = .

.vector         0x20000400      0x400
                0x20000400                _f_vector = .
 *(.vector .vector.*)
 .vector        0x20000400      0x400 obj_iotdk_10/gnu_arcem9d/arc/arc_exception.o
                0x20000400                exc_entry_table
                0x20000800                _e_vector = .

.text           0x20000800    0x261f4
                0x20000800                _f_text = .
 *(.text .text.* .gnu.linkonce.t.*)
 .text.callback_on_record_error
                0x20000800        0xc obj_iotdk_10/gnu_arcem9d/application/./recorder.o
 .text.callback_on_record_data
                0x2000080c      0x124 obj_iotdk_10/gnu_arcem9d/application/./recorder.o
 .text.Recorder_Init
                0x20000930       0xc0 obj_iotdk_10/gnu_arcem9d/application/./recorder.o
                0x20000930                Recorder_Init
 .text.Recorder_GetBuffer
                0x200009f0       0x44 obj_iotdk_10/gnu_arcem9d/application/./recorder.o
                0x200009f0                Recorder_GetBuffer
 .text.Recorder_NextBuffer
                0x20000a34       0x20 obj_iotdk_10/gnu_arcem9d/application/./recorder.o
                0x20000a34                Recorder_NextBuffer
 .text.Recorder_GetBufferSize
                0x20000a54        0x4 obj_iotdk_10/gnu_arcem9d/application/./recorder.o
                0x20000a54                Recorder_GetBufferSize
 .text.Recorder_Start
                0x20000a58       0x30 obj_iotdk_10/gnu_arcem9d/application/./recorder.o
                0x20000a58                Recorder_Start
 .text.Recorder_Stop
                0x20000a88       0x18 obj_iotdk_10/gnu_arcem9d/application/./recorder.o
                0x20000a88                Recorder_Stop
 .text.Recorder_Release
                0x20000aa0       0x34 obj_iotdk_10/gnu_arcem9d/application/./recorder.o
                0x20000aa0                Recorder_Release
 .text.left_rotation
                0x20000ad4       0xbc obj_iotdk_10/gnu_arcem9d/application/./main.o
 .text.right_rotation.constprop.2
                0x20000b90       0x8c obj_iotdk_10/gnu_arcem9d/application/./main.o
 .text.moterPWM
                0x20000c1c      0x2cc obj_iotdk_10/gnu_arcem9d/application/./main.o
 .text.mpu9250  0x20000ee8       0x50 obj_iotdk_10/gnu_arcem9d/application/./main.o
                0x20000ee8                mpu9250
 .text.set_work_status_EXE_CMD
                0x20000f38        0xc obj_iotdk_10/gnu_arcem9d/application/./main.o
                0x20000f38                set_work_status_EXE_CMD
 .text.Map_Inverter
                0x20000f44       0x8c obj_iotdk_10/gnu_arcem9d/application/./main.o
                0x20000f44                Map_Inverter
 .text.startup.main
                0x20000fd0      0x6f4 obj_iotdk_10/gnu_arcem9d/application/./main.o
                0x20000fd0                main
 .text.Spotter_Init2
                0x200016c4       0xf4 obj_iotdk_10/gnu_arcem9d/application/./Spotter_IC.o
                0x200016c4                Spotter_Init2
 .text.Spotter_AddSample
                0x200017b8      0x12c obj_iotdk_10/gnu_arcem9d/application/./Spotter_IC.o
                0x200017b8                Spotter_AddSample
 .text.Spotter_GetResultId
                0x200018e4        0xc obj_iotdk_10/gnu_arcem9d/application/./Spotter_IC.o
                0x200018e4                Spotter_GetResultId
 .text.Spotter_GetResultGroupId
                0x200018f0        0xc obj_iotdk_10/gnu_arcem9d/application/./Spotter_IC.o
                0x200018f0                Spotter_GetResultGroupId
 .text.Spotter_Reset
                0x200018fc        0xc obj_iotdk_10/gnu_arcem9d/application/./Spotter_IC.o
                0x200018fc                Spotter_Reset
 .text.Spotter_Release
                0x20001908       0x20 obj_iotdk_10/gnu_arcem9d/application/./Spotter_IC.o
                0x20001908                Spotter_Release
 .text.Spotter_GetVersion
                0x20001928        0x4 obj_iotdk_10/gnu_arcem9d/application/./Spotter_IC.o
                0x20001928                Spotter_GetVersion
 .text.board_main
                0x2000192c       0x40 obj_iotdk_10/gnu_arcem9d/board/board.o
                0x2000192c                board_main
 .text.__do_global_ctors_aux
                0x2000196c       0x30 obj_iotdk_10/gnu_arcem9d/arc/startup/arc_cxx_support.o
                0x2000196c                __do_global_ctors_aux
 .text.__do_global_dtors_aux
                0x2000199c       0x34 obj_iotdk_10/gnu_arcem9d/arc/startup/arc_cxx_support.o
                0x2000199c                __do_global_dtors_aux
 .text.__do_init_array_aux
                0x200019d0       0x3c obj_iotdk_10/gnu_arcem9d/arc/startup/arc_cxx_support.o
                0x200019d0                __do_init_array_aux
 .text.dw_i2s_0_install
                0x20001a0c       0x90 obj_iotdk_10/gnu_arcem9d/board/iotdk/drivers/ip/designware/i2s/dw_i2s_obj.o
 .text.dw_i2s_1_install
                0x20001a9c       0x90 obj_iotdk_10/gnu_arcem9d/board/iotdk/drivers/ip/designware/i2s/dw_i2s_obj.o
 .text.dw_i2s_0_write
                0x20001b2c       0x10 obj_iotdk_10/gnu_arcem9d/board/iotdk/drivers/ip/designware/i2s/dw_i2s_obj.o
 .text.dw_i2s_0_control
                0x20001b3c       0x10 obj_iotdk_10/gnu_arcem9d/board/iotdk/drivers/ip/designware/i2s/dw_i2s_obj.o
 .text.dw_i2s_1_control
                0x20001b4c       0x10 obj_iotdk_10/gnu_arcem9d/board/iotdk/drivers/ip/designware/i2s/dw_i2s_obj.o
 .text.dw_i2s_0_close
                0x20001b5c        0xc obj_iotdk_10/gnu_arcem9d/board/iotdk/drivers/ip/designware/i2s/dw_i2s_obj.o
 .text.dw_i2s_1_close
                0x20001b68        0xc obj_iotdk_10/gnu_arcem9d/board/iotdk/drivers/ip/designware/i2s/dw_i2s_obj.o
 .text.dw_i2s_0_open
                0x20001b74       0x10 obj_iotdk_10/gnu_arcem9d/board/iotdk/drivers/ip/designware/i2s/dw_i2s_obj.o
 .text.dw_i2s_1_open
                0x20001b84       0x10 obj_iotdk_10/gnu_arcem9d/board/iotdk/drivers/ip/designware/i2s/dw_i2s_obj.o
 .text.dw_i2s_0_isr
                0x20001b94        0xc obj_iotdk_10/gnu_arcem9d/board/iotdk/drivers/ip/designware/i2s/dw_i2s_obj.o
 .text.dw_i2s_1_read
                0x20001ba0       0x10 obj_iotdk_10/gnu_arcem9d/board/iotdk/drivers/ip/designware/i2s/dw_i2s_obj.o
 .text.dw_i2s_1_isr
                0x20001bb0        0xc obj_iotdk_10/gnu_arcem9d/board/iotdk/drivers/ip/designware/i2s/dw_i2s_obj.o
 .text.i2s_get_dev
                0x20001bbc       0x64 obj_iotdk_10/gnu_arcem9d/board/iotdk/drivers/ip/designware/i2s/dw_i2s_obj.o
                0x20001bbc                i2s_get_dev
 .text.dfss_gpio_0_read
                0x20001c20       0x10 obj_iotdk_10/gnu_arcem9d/board/iotdk/drivers/ip/subsystem/gpio/dfss_gpio_obj.o
 .text.dfss_gpio_1_read
                0x20001c30       0x10 obj_iotdk_10/gnu_arcem9d/board/iotdk/drivers/ip/subsystem/gpio/dfss_gpio_obj.o
 .text.dfss_gpio_2_read
                0x20001c40       0x10 obj_iotdk_10/gnu_arcem9d/board/iotdk/drivers/ip/subsystem/gpio/dfss_gpio_obj.o
 .text.dfss_gpio_3_read
                0x20001c50       0x10 obj_iotdk_10/gnu_arcem9d/board/iotdk/drivers/ip/subsystem/gpio/dfss_gpio_obj.o
 .text.dfss_gpio_4_read
                0x20001c60       0x10 obj_iotdk_10/gnu_arcem9d/board/iotdk/drivers/ip/subsystem/gpio/dfss_gpio_obj.o
 .text.dfss_gpio_5_read
                0x20001c70       0x10 obj_iotdk_10/gnu_arcem9d/board/iotdk/drivers/ip/subsystem/gpio/dfss_gpio_obj.o
 .text.dfss_gpio_6_read
                0x20001c80       0x10 obj_iotdk_10/gnu_arcem9d/board/iotdk/drivers/ip/subsystem/gpio/dfss_gpio_obj.o
 .text.dfss_gpio_0_write
                0x20001c90       0x10 obj_iotdk_10/gnu_arcem9d/board/iotdk/drivers/ip/subsystem/gpio/dfss_gpio_obj.o
 .text.dfss_gpio_1_write
                0x20001ca0       0x10 obj_iotdk_10/gnu_arcem9d/board/iotdk/drivers/ip/subsystem/gpio/dfss_gpio_obj.o
 .text.dfss_gpio_2_write
                0x20001cb0       0x10 obj_iotdk_10/gnu_arcem9d/board/iotdk/drivers/ip/subsystem/gpio/dfss_gpio_obj.o
 .text.dfss_gpio_3_write
                0x20001cc0       0x10 obj_iotdk_10/gnu_arcem9d/board/iotdk/drivers/ip/subsystem/gpio/dfss_gpio_obj.o
 .text.dfss_gpio_4_write
                0x20001cd0       0x10 obj_iotdk_10/gnu_arcem9d/board/iotdk/drivers/ip/subsystem/gpio/dfss_gpio_obj.o
 .text.dfss_gpio_5_write
                0x20001ce0       0x10 obj_iotdk_10/gnu_arcem9d/board/iotdk/drivers/ip/subsystem/gpio/dfss_gpio_obj.o
 .text.dfss_gpio_6_write
                0x20001cf0       0x10 obj_iotdk_10/gnu_arcem9d/board/iotdk/drivers/ip/subsystem/gpio/dfss_gpio_obj.o
 .text.dfss_gpio_0_control
                0x20001d00       0x10 obj_iotdk_10/gnu_arcem9d/board/iotdk/drivers/ip/subsystem/gpio/dfss_gpio_obj.o
 .text.dfss_gpio_1_control
                0x20001d10       0x10 obj_iotdk_10/gnu_arcem9d/board/iotdk/drivers/ip/subsystem/gpio/dfss_gpio_obj.o
 .text.dfss_gpio_2_control
                0x20001d20       0x10 obj_iotdk_10/gnu_arcem9d/board/iotdk/drivers/ip/subsystem/gpio/dfss_gpio_obj.o
 .text.dfss_gpio_3_control
                0x20001d30       0x10 obj_iotdk_10/gnu_arcem9d/board/iotdk/drivers/ip/subsystem/gpio/dfss_gpio_obj.o
 .text.dfss_gpio_4_control
                0x20001d40       0x10 obj_iotdk_10/gnu_arcem9d/board/iotdk/drivers/ip/subsystem/gpio/dfss_gpio_obj.o
 .text.dfss_gpio_5_control
                0x20001d50       0x10 obj_iotdk_10/gnu_arcem9d/board/iotdk/drivers/ip/subsystem/gpio/dfss_gpio_obj.o
 .text.dfss_gpio_6_control
                0x20001d60       0x10 obj_iotdk_10/gnu_arcem9d/board/iotdk/drivers/ip/subsystem/gpio/dfss_gpio_obj.o
 .text.dfss_gpio_0_close
                0x20001d70        0xc obj_iotdk_10/gnu_arcem9d/board/iotdk/drivers/ip/subsystem/gpio/dfss_gpio_obj.o
 .text.dfss_gpio_1_close
                0x20001d7c        0xc obj_iotdk_10/gnu_arcem9d/board/iotdk/drivers/ip/subsystem/gpio/dfss_gpio_obj.o
 .text.dfss_gpio_2_close
                0x20001d88        0xc obj_iotdk_10/gnu_arcem9d/board/iotdk/drivers/ip/subsystem/gpio/dfss_gpio_obj.o
 .text.dfss_gpio_3_close
                0x20001d94        0xc obj_iotdk_10/gnu_arcem9d/board/iotdk/drivers/ip/subsystem/gpio/dfss_gpio_obj.o
 .text.dfss_gpio_4_close
                0x20001da0        0xc obj_iotdk_10/gnu_arcem9d/board/iotdk/drivers/ip/subsystem/gpio/dfss_gpio_obj.o
 .text.dfss_gpio_5_close
                0x20001dac        0xc obj_iotdk_10/gnu_arcem9d/board/iotdk/drivers/ip/subsystem/gpio/dfss_gpio_obj.o
 .text.dfss_gpio_6_close
                0x20001db8        0xc obj_iotdk_10/gnu_arcem9d/board/iotdk/drivers/ip/subsystem/gpio/dfss_gpio_obj.o
 .text.dfss_gpio_0_open
                0x20001dc4        0xc obj_iotdk_10/gnu_arcem9d/board/iotdk/drivers/ip/subsystem/gpio/dfss_gpio_obj.o
 .text.dfss_gpio_1_open
                0x20001dd0        0xc obj_iotdk_10/gnu_arcem9d/board/iotdk/drivers/ip/subsystem/gpio/dfss_gpio_obj.o
 .text.dfss_gpio_2_open
                0x20001ddc        0xc obj_iotdk_10/gnu_arcem9d/board/iotdk/drivers/ip/subsystem/gpio/dfss_gpio_obj.o
 .text.dfss_gpio_3_open
                0x20001de8        0xc obj_iotdk_10/gnu_arcem9d/board/iotdk/drivers/ip/subsystem/gpio/dfss_gpio_obj.o
 .text.dfss_gpio_4_open
                0x20001df4        0xc obj_iotdk_10/gnu_arcem9d/board/iotdk/drivers/ip/subsystem/gpio/dfss_gpio_obj.o
 .text.dfss_gpio_5_open
                0x20001e00        0xc obj_iotdk_10/gnu_arcem9d/board/iotdk/drivers/ip/subsystem/gpio/dfss_gpio_obj.o
 .text.dfss_gpio_6_open
                0x20001e0c        0xc obj_iotdk_10/gnu_arcem9d/board/iotdk/drivers/ip/subsystem/gpio/dfss_gpio_obj.o
 .text.gpio_int_cb0
                0x20001e18        0xc obj_iotdk_10/gnu_arcem9d/board/iotdk/drivers/ip/subsystem/gpio/dfss_gpio_obj.o
 .text.gpio_int_cb1
                0x20001e24        0xc obj_iotdk_10/gnu_arcem9d/board/iotdk/drivers/ip/subsystem/gpio/dfss_gpio_obj.o
 .text.gpio_int_cb2
                0x20001e30        0xc obj_iotdk_10/gnu_arcem9d/board/iotdk/drivers/ip/subsystem/gpio/dfss_gpio_obj.o
 .text.gpio_int_cb3
                0x20001e3c        0xc obj_iotdk_10/gnu_arcem9d/board/iotdk/drivers/ip/subsystem/gpio/dfss_gpio_obj.o
 .text.gpio_int_cb4
                0x20001e48        0xc obj_iotdk_10/gnu_arcem9d/board/iotdk/drivers/ip/subsystem/gpio/dfss_gpio_obj.o
 .text.gpio_int_cb5
                0x20001e54        0xc obj_iotdk_10/gnu_arcem9d/board/iotdk/drivers/ip/subsystem/gpio/dfss_gpio_obj.o
 .text.gpio_int_cb6
                0x20001e60        0xc obj_iotdk_10/gnu_arcem9d/board/iotdk/drivers/ip/subsystem/gpio/dfss_gpio_obj.o
 .text.dfss_gpio_all_install
                0x20001e6c      0x200 obj_iotdk_10/gnu_arcem9d/board/iotdk/drivers/ip/subsystem/gpio/dfss_gpio_obj.o
                0x20001e6c                dfss_gpio_all_install
 .text.gpio_get_dev
                0x2000206c       0x64 obj_iotdk_10/gnu_arcem9d/board/iotdk/drivers/ip/subsystem/gpio/dfss_gpio_obj.o
                0x2000206c                gpio_get_dev
 .text.dw_i2s_flush.isra.5
                0x200020d0       0x24 obj_iotdk_10/gnu_arcem9d/device/ip/designware/i2s/dw_i2s.o
 .text.dw_i2s_rx_disable_interrupt.isra.13
                0x200020f4       0x98 obj_iotdk_10/gnu_arcem9d/device/ip/designware/i2s/dw_i2s.o
 .text.dw_i2s_tx_disable_interrupt.isra.14
                0x2000218c       0x98 obj_iotdk_10/gnu_arcem9d/device/ip/designware/i2s/dw_i2s.o
 .text.dw_i2s_disable_dev_intr
                0x20002224       0x18 obj_iotdk_10/gnu_arcem9d/device/ip/designware/i2s/dw_i2s.o
 .text.dw_i2s_disable_all_channel_intr
                0x2000223c       0x5c obj_iotdk_10/gnu_arcem9d/device/ip/designware/i2s/dw_i2s.o
 .text.dw_i2s_rx_enable_interrupt.isra.17
                0x20002298       0x98 obj_iotdk_10/gnu_arcem9d/device/ip/designware/i2s/dw_i2s.o
 .text.dw_i2s_tx_enable_interrupt.isra.18
                0x20002330       0x98 obj_iotdk_10/gnu_arcem9d/device/ip/designware/i2s/dw_i2s.o
 .text.dw_i2s_enable_dev_intr
                0x200023c8       0x18 obj_iotdk_10/gnu_arcem9d/device/ip/designware/i2s/dw_i2s.o
 .text.dw_i2s_enable_all_channel_intr
                0x200023e0       0x5c obj_iotdk_10/gnu_arcem9d/device/ip/designware/i2s/dw_i2s.o
 .text.dw_i2s_enable_device.isra.2
                0x2000243c       0x90 obj_iotdk_10/gnu_arcem9d/device/ip/designware/i2s/dw_i2s.o
 .text.dw_i2s_open
                0x200024cc      0x4c4 obj_iotdk_10/gnu_arcem9d/device/ip/designware/i2s/dw_i2s.o
                0x200024cc                dw_i2s_open
 .text.dw_i2s_close
                0x20002990      0x108 obj_iotdk_10/gnu_arcem9d/device/ip/designware/i2s/dw_i2s.o
                0x20002990                dw_i2s_close
 .text.dw_i2s_control
                0x20002a98      0x6e4 obj_iotdk_10/gnu_arcem9d/device/ip/designware/i2s/dw_i2s.o
                0x20002a98                dw_i2s_control
 .text.dw_i2s_write
                0x2000317c      0x17c obj_iotdk_10/gnu_arcem9d/device/ip/designware/i2s/dw_i2s.o
                0x2000317c                dw_i2s_write
 .text.dw_i2s_read
                0x200032f8      0x160 obj_iotdk_10/gnu_arcem9d/device/ip/designware/i2s/dw_i2s.o
                0x200032f8                dw_i2s_read
 .text.dw_i2s_isr_tx
                0x20003458      0x194 obj_iotdk_10/gnu_arcem9d/device/ip/designware/i2s/dw_i2s.o
                0x20003458                dw_i2s_isr_tx
 .text.dw_i2s_isr_rx
                0x200035ec      0x1b8 obj_iotdk_10/gnu_arcem9d/device/ip/designware/i2s/dw_i2s.o
                0x200035ec                dw_i2s_isr_rx
 .text.ss_gpio_open
                0x200037a4       0xac obj_iotdk_10/gnu_arcem9d/device/ip/subsystem/gpio/ss_gpio.o
                0x200037a4                ss_gpio_open
 .text.ss_gpio_close
                0x20003850       0x34 obj_iotdk_10/gnu_arcem9d/device/ip/subsystem/gpio/ss_gpio.o
                0x20003850                ss_gpio_close
 .text.ss_gpio_control
                0x20003884      0x1e0 obj_iotdk_10/gnu_arcem9d/device/ip/subsystem/gpio/ss_gpio.o
                0x20003884                ss_gpio_control
 .text.ss_gpio_write
                0x20003a64       0x40 obj_iotdk_10/gnu_arcem9d/device/ip/subsystem/gpio/ss_gpio.o
                0x20003a64                ss_gpio_write
 .text.ss_gpio_read
                0x20003aa4       0x2c obj_iotdk_10/gnu_arcem9d/device/ip/subsystem/gpio/ss_gpio.o
                0x20003aa4                ss_gpio_read
 .text.ss_gpio_int_cb
                0x20003ad0       0x48 obj_iotdk_10/gnu_arcem9d/device/ip/subsystem/gpio/ss_gpio.o
                0x20003ad0                ss_gpio_int_cb
 .text.mpu9250_sensor_init
                0x20003b18      0x258 obj_iotdk_10/gnu_arcem9d/device/peripheral/sensor/imu/mpu9250/mpu9250.o
                0x20003b18                mpu9250_sensor_init
 .text.mpu9250_sensor_read
                0x20003d70      0x180 obj_iotdk_10/gnu_arcem9d/device/peripheral/sensor/imu/mpu9250/mpu9250.o
                0x20003d70                mpu9250_sensor_read
 .text.mpu_iic_write
                0x20003ef0       0x8c obj_iotdk_10/gnu_arcem9d/device/peripheral/sensor/imu/mpu9250/mpu9250.o
                0x20003ef0                mpu_iic_write
 .text.mpu_iic_read
                0x20003f7c       0x8c obj_iotdk_10/gnu_arcem9d/device/peripheral/sensor/imu/mpu9250/mpu9250.o
                0x20003f7c                mpu_iic_read
 .text.mpu_get_ms
                0x20004008       0x10 obj_iotdk_10/gnu_arcem9d/device/peripheral/sensor/imu/mpu9250/mpu9250.o
                0x20004008                mpu_get_ms
 .text.mpu_delay_ms
                0x20004018        0x8 obj_iotdk_10/gnu_arcem9d/device/peripheral/sensor/imu/mpu9250/mpu9250.o
                0x20004018                mpu_delay_ms
 .text.dmp_load_motion_driver_firmware
                0x20004020       0x18 obj_iotdk_10/gnu_arcem9d/device/peripheral/sensor/imu/mpu9250/inv_mpu_dmp_motion_driver.o
                0x20004020                dmp_load_motion_driver_firmware
 .text.dmp_set_orientation
                0x20004038      0x118 obj_iotdk_10/gnu_arcem9d/device/peripheral/sensor/imu/mpu9250/inv_mpu_dmp_motion_driver.o
                0x20004038                dmp_set_orientation
 .text.dmp_set_fifo_rate
                0x20004150       0x80 obj_iotdk_10/gnu_arcem9d/device/peripheral/sensor/imu/mpu9250/inv_mpu_dmp_motion_driver.o
                0x20004150                dmp_set_fifo_rate
 .text.dmp_set_tap_thresh
                0x200041d0      0x18c obj_iotdk_10/gnu_arcem9d/device/peripheral/sensor/imu/mpu9250/inv_mpu_dmp_motion_driver.o
                0x200041d0                dmp_set_tap_thresh
 .text.dmp_set_tap_axes
                0x2000435c       0x54 obj_iotdk_10/gnu_arcem9d/device/peripheral/sensor/imu/mpu9250/inv_mpu_dmp_motion_driver.o
                0x2000435c                dmp_set_tap_axes
 .text.dmp_enable_gyro_cal
                0x200043b0       0x68 obj_iotdk_10/gnu_arcem9d/device/peripheral/sensor/imu/mpu9250/inv_mpu_dmp_motion_driver.o
                0x200043b0                dmp_enable_gyro_cal
 .text.dmp_enable_lp_quat
                0x20004418       0x38 obj_iotdk_10/gnu_arcem9d/device/peripheral/sensor/imu/mpu9250/inv_mpu_dmp_motion_driver.o
                0x20004418                dmp_enable_lp_quat
 .text.dmp_enable_6x_lp_quat
                0x20004450       0x38 obj_iotdk_10/gnu_arcem9d/device/peripheral/sensor/imu/mpu9250/inv_mpu_dmp_motion_driver.o
                0x20004450                dmp_enable_6x_lp_quat
 .text.dmp_enable_feature
                0x20004488      0x288 obj_iotdk_10/gnu_arcem9d/device/peripheral/sensor/imu/mpu9250/inv_mpu_dmp_motion_driver.o
                0x20004488                dmp_enable_feature
 .text.dmp_read_fifo
                0x20004710      0x1d8 obj_iotdk_10/gnu_arcem9d/device/peripheral/sensor/imu/mpu9250/inv_mpu_dmp_motion_driver.o
                0x20004710                dmp_read_fifo
 .text.set_int_enable
                0x200048e8       0x8c obj_iotdk_10/gnu_arcem9d/device/peripheral/sensor/imu/mpu9250/inv_mpu.o
 .text.mpu_reset_fifo
                0x20004974      0x210 obj_iotdk_10/gnu_arcem9d/device/peripheral/sensor/imu/mpu9250/inv_mpu.o
                0x20004974                mpu_reset_fifo
 .text.mpu_set_gyro_fsr
                0x20004b84       0xc4 obj_iotdk_10/gnu_arcem9d/device/peripheral/sensor/imu/mpu9250/inv_mpu.o
                0x20004b84                mpu_set_gyro_fsr
 .text.mpu_get_accel_fsr
                0x20004c48       0x58 obj_iotdk_10/gnu_arcem9d/device/peripheral/sensor/imu/mpu9250/inv_mpu.o
                0x20004c48                mpu_get_accel_fsr
 .text.mpu_set_accel_fsr
                0x20004ca0       0xac obj_iotdk_10/gnu_arcem9d/device/peripheral/sensor/imu/mpu9250/inv_mpu.o
                0x20004ca0                mpu_set_accel_fsr
 .text.mpu_set_lpf
                0x20004d4c      0x100 obj_iotdk_10/gnu_arcem9d/device/peripheral/sensor/imu/mpu9250/inv_mpu.o
                0x20004d4c                mpu_set_lpf
 .text.mpu_set_compass_sample_rate
                0x20004e4c       0x78 obj_iotdk_10/gnu_arcem9d/device/peripheral/sensor/imu/mpu9250/inv_mpu.o
                0x20004e4c                mpu_set_compass_sample_rate
 .text.mpu_configure_fifo
                0x20004ec4       0x94 obj_iotdk_10/gnu_arcem9d/device/peripheral/sensor/imu/mpu9250/inv_mpu.o
                0x20004ec4                mpu_configure_fifo
 .text.mpu_read_fifo_stream
                0x20004f58       0xdc obj_iotdk_10/gnu_arcem9d/device/peripheral/sensor/imu/mpu9250/inv_mpu.o
                0x20004f58                mpu_read_fifo_stream
 .text.mpu_set_bypass
                0x20005034      0x16c obj_iotdk_10/gnu_arcem9d/device/peripheral/sensor/imu/mpu9250/inv_mpu.o
                0x20005034                mpu_set_bypass
 .text.mpu_set_int_latched
                0x200051a0       0x98 obj_iotdk_10/gnu_arcem9d/device/peripheral/sensor/imu/mpu9250/inv_mpu.o
                0x200051a0                mpu_set_int_latched
 .text.mpu_lp_accel_mode
                0x20005238      0x184 obj_iotdk_10/gnu_arcem9d/device/peripheral/sensor/imu/mpu9250/inv_mpu.o
                0x20005238                mpu_lp_accel_mode
 .text.mpu_set_sample_rate
                0x200053bc       0xf8 obj_iotdk_10/gnu_arcem9d/device/peripheral/sensor/imu/mpu9250/inv_mpu.o
                0x200053bc                mpu_set_sample_rate
 .text.mpu_set_sensors
                0x200054b4      0x204 obj_iotdk_10/gnu_arcem9d/device/peripheral/sensor/imu/mpu9250/inv_mpu.o
                0x200054b4                mpu_set_sensors
 .text.mpu_init
                0x200056b8      0x378 obj_iotdk_10/gnu_arcem9d/device/peripheral/sensor/imu/mpu9250/inv_mpu.o
                0x200056b8                mpu_init
 .text.mpu_write_mem
                0x20005a30       0x90 obj_iotdk_10/gnu_arcem9d/device/peripheral/sensor/imu/mpu9250/inv_mpu.o
                0x20005a30                mpu_write_mem
 .text.mpu_read_mem
                0x20005ac0       0x90 obj_iotdk_10/gnu_arcem9d/device/peripheral/sensor/imu/mpu9250/inv_mpu.o
                0x20005ac0                mpu_read_mem
 .text.mpu_load_firmware
                0x20005b50      0x104 obj_iotdk_10/gnu_arcem9d/device/peripheral/sensor/imu/mpu9250/inv_mpu.o
                0x20005b50                mpu_load_firmware
 .text.mpu_set_dmp_state
                0x20005c54       0xd4 obj_iotdk_10/gnu_arcem9d/device/peripheral/sensor/imu/mpu9250/inv_mpu.o
                0x20005c54                mpu_set_dmp_state
 .text.board_init
                0x20005d28       0x2c obj_iotdk_10/gnu_arcem9d/board/iotdk/common/iotdk_init.o
                0x20005d28                board_init
 .text.board_timer_update
                0x20005d54       0x68 obj_iotdk_10/gnu_arcem9d/board/iotdk/common/iotdk_timer.o
                0x20005d54                board_timer_update
 .text.iotdk_timer_isr
                0x20005dbc       0x14 obj_iotdk_10/gnu_arcem9d/board/iotdk/common/iotdk_timer.o
 .text.iotdk_timer_init
                0x20005dd0       0x38 obj_iotdk_10/gnu_arcem9d/board/iotdk/common/iotdk_timer.o
                0x20005dd0                iotdk_timer_init
 .text.board_delay_ms
                0x20005e08       0xec obj_iotdk_10/gnu_arcem9d/board/iotdk/common/iotdk_timer.o
                0x20005e08                board_delay_ms
 .text.io_pmod_config
                0x20005ef4       0x84 obj_iotdk_10/gnu_arcem9d/board/iotdk/drivers/mux/mux.o
                0x20005ef4                io_pmod_config
 .text.io_mux_init
                0x20005f78       0x14 obj_iotdk_10/gnu_arcem9d/board/iotdk/drivers/mux/mux.o
                0x20005f78                io_mux_init
 .text.pll_conf_reg
                0x20005f8c       0x40 obj_iotdk_10/gnu_arcem9d/board/iotdk/drivers/sysconf/sysconf.o
                0x20005f8c                pll_conf_reg
 .text.pll_fout_config
                0x20005fcc       0x94 obj_iotdk_10/gnu_arcem9d/board/iotdk/drivers/sysconf/sysconf.o
                0x20005fcc                pll_fout_config
 .text.i2s_rx_clk_div
                0x20006060       0x10 obj_iotdk_10/gnu_arcem9d/board/iotdk/drivers/sysconf/sysconf.o
                0x20006060                i2s_rx_clk_div
 .text.console_putchar
                0x20006070       0x2c obj_iotdk_10/gnu_arcem9d/middleware/common/console_io.o
                0x20006070                console_putchar
 .text.console_getchar
                0x2000609c       0x38 obj_iotdk_10/gnu_arcem9d/middleware/common/console_io.o
                0x2000609c                console_getchar
 .text.xprintf_setup
                0x200060d4       0x88 obj_iotdk_10/gnu_arcem9d/middleware/common/console_io.o
                0x200060d4                xprintf_setup
 .text.xputc    0x2000615c       0x48 obj_iotdk_10/gnu_arcem9d/middleware/common/xprintf/xprintf.o
                0x2000615c                xputc
 .text.xvprintf
                0x200061a4      0x34c obj_iotdk_10/gnu_arcem9d/middleware/common/xprintf/xprintf.o
                0x200061a4                xvprintf
 .text.xprintf  0x200064f0       0x28 obj_iotdk_10/gnu_arcem9d/middleware/common/xprintf/xprintf.o
                0x200064f0                xprintf
 .text.timer_present
                0x20006518       0x2c obj_iotdk_10/gnu_arcem9d/arc/arc_timer.o
                0x20006518                timer_present
 .text.timer_start
                0x20006544       0x68 obj_iotdk_10/gnu_arcem9d/arc/arc_timer.o
                0x20006544                timer_start
 .text.timer_stop
                0x200065ac       0x6c obj_iotdk_10/gnu_arcem9d/arc/arc_timer.o
                0x200065ac                timer_stop
 .text.timer_current
                0x20006618       0x34 obj_iotdk_10/gnu_arcem9d/arc/arc_timer.o
                0x20006618                timer_current
 .text.timer_int_clear
                0x2000664c       0x2c obj_iotdk_10/gnu_arcem9d/arc/arc_timer.o
                0x2000664c                timer_int_clear
 .text.timer_init
                0x20006678       0x6c obj_iotdk_10/gnu_arcem9d/arc/arc_timer.o
                0x20006678                timer_init
 .text.timer_calibrate_delay
                0x200066e4      0x1c0 obj_iotdk_10/gnu_arcem9d/arc/arc_timer.o
                0x200066e4                timer_calibrate_delay
 .text.arc_cache_init
                0x200068a4      0x124 obj_iotdk_10/gnu_arcem9d/arc/arc_cache.o
                0x200068a4                arc_cache_init
 .text.int_handler_default
                0x200069c8       0x34 obj_iotdk_10/gnu_arcem9d/arc/arc_exception.o
 .text.dump_protv_access_err
                0x200069fc       0x74 obj_iotdk_10/gnu_arcem9d/arc/arc_exception.o
 .text.exc_handler_default
                0x20006a70      0x3d8 obj_iotdk_10/gnu_arcem9d/arc/arc_exception.o
 .text.exc_int_init
                0x20006e48       0x6c obj_iotdk_10/gnu_arcem9d/arc/arc_exception.o
                0x20006e48                exc_int_init
 .text.int_disable
                0x20006eb4       0x28 obj_iotdk_10/gnu_arcem9d/arc/arc_exception.o
                0x20006eb4                int_disable
 .text.int_enable
                0x20006edc       0x28 obj_iotdk_10/gnu_arcem9d/arc/arc_exception.o
                0x20006edc                int_enable
 .text.int_pri_set
                0x20006f04       0x38 obj_iotdk_10/gnu_arcem9d/arc/arc_exception.o
                0x20006f04                int_pri_set
 .text.cpu_unlock
                0x20006f3c        0x8 obj_iotdk_10/gnu_arcem9d/arc/arc_exception.o
                0x20006f3c                cpu_unlock
 .text.cpu_lock_save
                0x20006f44        0x8 obj_iotdk_10/gnu_arcem9d/arc/arc_exception.o
                0x20006f44                cpu_lock_save
 .text.cpu_unlock_restore
                0x20006f4c        0x8 obj_iotdk_10/gnu_arcem9d/arc/arc_exception.o
                0x20006f4c                cpu_unlock_restore
 .text.int_handler_install
                0x20006f54       0x20 obj_iotdk_10/gnu_arcem9d/arc/arc_exception.o
                0x20006f54                int_handler_install
 .text          0x20006f74      0x2f8 obj_iotdk_10/gnu_arcem9d/arc/arc_exc_asm.o
                0x20006f74                exc_entry_cpu
                0x200070f4                exc_entry_int
                0x200071a8                exc_entry_firq
 .text.gnu_printf_setup
                0x2000726c        0x4 obj_iotdk_10/gnu_arcem9d/library/clib/embarc_misc.o
                0x2000726c                gnu_printf_setup
 .text.dfss_iic_0_read
                0x20007270       0x10 obj_iotdk_10/gnu_arcem9d/board/iotdk/drivers/ip/subsystem/iic/dfss_iic_obj.o
 .text.dfss_iic_1_read
                0x20007280       0x10 obj_iotdk_10/gnu_arcem9d/board/iotdk/drivers/ip/subsystem/iic/dfss_iic_obj.o
 .text.dfss_iic_0_write
                0x20007290       0x10 obj_iotdk_10/gnu_arcem9d/board/iotdk/drivers/ip/subsystem/iic/dfss_iic_obj.o
 .text.dfss_iic_1_write
                0x200072a0       0x10 obj_iotdk_10/gnu_arcem9d/board/iotdk/drivers/ip/subsystem/iic/dfss_iic_obj.o
 .text.dfss_iic_0_control
                0x200072b0       0x10 obj_iotdk_10/gnu_arcem9d/board/iotdk/drivers/ip/subsystem/iic/dfss_iic_obj.o
 .text.dfss_iic_1_control
                0x200072c0       0x10 obj_iotdk_10/gnu_arcem9d/board/iotdk/drivers/ip/subsystem/iic/dfss_iic_obj.o
 .text.dfss_iic_0_close
                0x200072d0        0xc obj_iotdk_10/gnu_arcem9d/board/iotdk/drivers/ip/subsystem/iic/dfss_iic_obj.o
 .text.dfss_iic_1_close
                0x200072dc        0xc obj_iotdk_10/gnu_arcem9d/board/iotdk/drivers/ip/subsystem/iic/dfss_iic_obj.o
 .text.dfss_iic_0_open
                0x200072e8        0xc obj_iotdk_10/gnu_arcem9d/board/iotdk/drivers/ip/subsystem/iic/dfss_iic_obj.o
 .text.dfss_iic_1_open
                0x200072f4        0xc obj_iotdk_10/gnu_arcem9d/board/iotdk/drivers/ip/subsystem/iic/dfss_iic_obj.o
 .text.iic_err_cb0
                0x20007300        0xc obj_iotdk_10/gnu_arcem9d/board/iotdk/drivers/ip/subsystem/iic/dfss_iic_obj.o
 .text.iic_err_cb1
                0x2000730c        0xc obj_iotdk_10/gnu_arcem9d/board/iotdk/drivers/ip/subsystem/iic/dfss_iic_obj.o
 .text.iic_tx_cb0
                0x20007318        0xc obj_iotdk_10/gnu_arcem9d/board/iotdk/drivers/ip/subsystem/iic/dfss_iic_obj.o
 .text.iic_tx_cb1
                0x20007324        0xc obj_iotdk_10/gnu_arcem9d/board/iotdk/drivers/ip/subsystem/iic/dfss_iic_obj.o
 .text.iic_rx_cb0
                0x20007330        0xc obj_iotdk_10/gnu_arcem9d/board/iotdk/drivers/ip/subsystem/iic/dfss_iic_obj.o
 .text.iic_rx_cb1
                0x2000733c        0xc obj_iotdk_10/gnu_arcem9d/board/iotdk/drivers/ip/subsystem/iic/dfss_iic_obj.o
 .text.dfss_iic_all_install
                0x20007348       0x94 obj_iotdk_10/gnu_arcem9d/board/iotdk/drivers/ip/subsystem/iic/dfss_iic_obj.o
                0x20007348                dfss_iic_all_install
 .text.iic_get_dev
                0x200073dc       0x60 obj_iotdk_10/gnu_arcem9d/board/iotdk/drivers/ip/subsystem/iic/dfss_iic_obj.o
                0x200073dc                iic_get_dev
 .text.dfss_uart_0_read
                0x2000743c       0x10 obj_iotdk_10/gnu_arcem9d/board/iotdk/drivers/ip/subsystem/uart/dfss_uart_obj.o
 .text.dfss_uart_1_read
                0x2000744c       0x10 obj_iotdk_10/gnu_arcem9d/board/iotdk/drivers/ip/subsystem/uart/dfss_uart_obj.o
 .text.dfss_uart_2_read
                0x2000745c       0x10 obj_iotdk_10/gnu_arcem9d/board/iotdk/drivers/ip/subsystem/uart/dfss_uart_obj.o
 .text.dfss_uart_3_read
                0x2000746c       0x10 obj_iotdk_10/gnu_arcem9d/board/iotdk/drivers/ip/subsystem/uart/dfss_uart_obj.o
 .text.dfss_uart_0_write
                0x2000747c       0x10 obj_iotdk_10/gnu_arcem9d/board/iotdk/drivers/ip/subsystem/uart/dfss_uart_obj.o
 .text.dfss_uart_1_write
                0x2000748c       0x10 obj_iotdk_10/gnu_arcem9d/board/iotdk/drivers/ip/subsystem/uart/dfss_uart_obj.o
 .text.dfss_uart_2_write
                0x2000749c       0x10 obj_iotdk_10/gnu_arcem9d/board/iotdk/drivers/ip/subsystem/uart/dfss_uart_obj.o
 .text.dfss_uart_3_write
                0x200074ac       0x10 obj_iotdk_10/gnu_arcem9d/board/iotdk/drivers/ip/subsystem/uart/dfss_uart_obj.o
 .text.dfss_uart_0_control
                0x200074bc       0x10 obj_iotdk_10/gnu_arcem9d/board/iotdk/drivers/ip/subsystem/uart/dfss_uart_obj.o
 .text.dfss_uart_1_control
                0x200074cc       0x10 obj_iotdk_10/gnu_arcem9d/board/iotdk/drivers/ip/subsystem/uart/dfss_uart_obj.o
 .text.dfss_uart_2_control
                0x200074dc       0x10 obj_iotdk_10/gnu_arcem9d/board/iotdk/drivers/ip/subsystem/uart/dfss_uart_obj.o
 .text.dfss_uart_3_control
                0x200074ec       0x10 obj_iotdk_10/gnu_arcem9d/board/iotdk/drivers/ip/subsystem/uart/dfss_uart_obj.o
 .text.dfss_uart_0_close
                0x200074fc        0xc obj_iotdk_10/gnu_arcem9d/board/iotdk/drivers/ip/subsystem/uart/dfss_uart_obj.o
 .text.dfss_uart_1_close
                0x20007508        0xc obj_iotdk_10/gnu_arcem9d/board/iotdk/drivers/ip/subsystem/uart/dfss_uart_obj.o
 .text.dfss_uart_2_close
                0x20007514        0xc obj_iotdk_10/gnu_arcem9d/board/iotdk/drivers/ip/subsystem/uart/dfss_uart_obj.o
 .text.dfss_uart_3_close
                0x20007520        0xc obj_iotdk_10/gnu_arcem9d/board/iotdk/drivers/ip/subsystem/uart/dfss_uart_obj.o
 .text.dfss_uart_0_open
                0x2000752c        0xc obj_iotdk_10/gnu_arcem9d/board/iotdk/drivers/ip/subsystem/uart/dfss_uart_obj.o
 .text.dfss_uart_1_open
                0x20007538        0xc obj_iotdk_10/gnu_arcem9d/board/iotdk/drivers/ip/subsystem/uart/dfss_uart_obj.o
 .text.dfss_uart_2_open
                0x20007544        0xc obj_iotdk_10/gnu_arcem9d/board/iotdk/drivers/ip/subsystem/uart/dfss_uart_obj.o
 .text.dfss_uart_3_open
                0x20007550        0xc obj_iotdk_10/gnu_arcem9d/board/iotdk/drivers/ip/subsystem/uart/dfss_uart_obj.o
 .text.uart_err_cb0
                0x2000755c        0xc obj_iotdk_10/gnu_arcem9d/board/iotdk/drivers/ip/subsystem/uart/dfss_uart_obj.o
 .text.uart_err_cb1
                0x20007568        0xc obj_iotdk_10/gnu_arcem9d/board/iotdk/drivers/ip/subsystem/uart/dfss_uart_obj.o
 .text.uart_err_cb2
                0x20007574        0xc obj_iotdk_10/gnu_arcem9d/board/iotdk/drivers/ip/subsystem/uart/dfss_uart_obj.o
 .text.uart_err_cb3
                0x20007580        0xc obj_iotdk_10/gnu_arcem9d/board/iotdk/drivers/ip/subsystem/uart/dfss_uart_obj.o
 .text.uart_rx_cb0
                0x2000758c        0xc obj_iotdk_10/gnu_arcem9d/board/iotdk/drivers/ip/subsystem/uart/dfss_uart_obj.o
 .text.uart_rx_cb1
                0x20007598        0xc obj_iotdk_10/gnu_arcem9d/board/iotdk/drivers/ip/subsystem/uart/dfss_uart_obj.o
 .text.uart_rx_cb2
                0x200075a4        0xc obj_iotdk_10/gnu_arcem9d/board/iotdk/drivers/ip/subsystem/uart/dfss_uart_obj.o
 .text.uart_rx_cb3
                0x200075b0        0xc obj_iotdk_10/gnu_arcem9d/board/iotdk/drivers/ip/subsystem/uart/dfss_uart_obj.o
 .text.uart_tx_cb0
                0x200075bc        0xc obj_iotdk_10/gnu_arcem9d/board/iotdk/drivers/ip/subsystem/uart/dfss_uart_obj.o
 .text.uart_tx_cb1
                0x200075c8        0xc obj_iotdk_10/gnu_arcem9d/board/iotdk/drivers/ip/subsystem/uart/dfss_uart_obj.o
 .text.uart_tx_cb2
                0x200075d4        0xc obj_iotdk_10/gnu_arcem9d/board/iotdk/drivers/ip/subsystem/uart/dfss_uart_obj.o
 .text.uart_tx_cb3
                0x200075e0        0xc obj_iotdk_10/gnu_arcem9d/board/iotdk/drivers/ip/subsystem/uart/dfss_uart_obj.o
 .text.dfss_uart_all_install
                0x200075ec      0x128 obj_iotdk_10/gnu_arcem9d/board/iotdk/drivers/ip/subsystem/uart/dfss_uart_obj.o
                0x200075ec                dfss_uart_all_install
 .text.uart_get_dev
                0x20007714       0x5c obj_iotdk_10/gnu_arcem9d/board/iotdk/drivers/ip/subsystem/uart/dfss_uart_obj.o
                0x20007714                uart_get_dev
 .text.gpio_ISR_proc
                0x20007770       0x38 obj_iotdk_10/gnu_arcem9d/device/ip/subsystem/gpio/gpio.o
 .text.gpio_4B_2_ISR
                0x200077a8        0x8 obj_iotdk_10/gnu_arcem9d/device/ip/subsystem/gpio/gpio.o
 .text.gpio_4B_1_ISR
                0x200077b0        0x8 obj_iotdk_10/gnu_arcem9d/device/ip/subsystem/gpio/gpio.o
 .text.gpio_4B_0_ISR
                0x200077b8        0x8 obj_iotdk_10/gnu_arcem9d/device/ip/subsystem/gpio/gpio.o
 .text.gpio_8B_3_ISR
                0x200077c0        0x8 obj_iotdk_10/gnu_arcem9d/device/ip/subsystem/gpio/gpio.o
 .text.gpio_8B_2_ISR
                0x200077c8        0x8 obj_iotdk_10/gnu_arcem9d/device/ip/subsystem/gpio/gpio.o
 .text.gpio_8B_1_ISR
                0x200077d0        0x8 obj_iotdk_10/gnu_arcem9d/device/ip/subsystem/gpio/gpio.o
 .text.gpio_8B_0_ISR
                0x200077d8        0x8 obj_iotdk_10/gnu_arcem9d/device/ip/subsystem/gpio/gpio.o
 .text.io_gpio_open
                0x200077e0       0x8c obj_iotdk_10/gnu_arcem9d/device/ip/subsystem/gpio/gpio.o
                0x200077e0                io_gpio_open
 .text.io_gpio_close
                0x2000786c       0x58 obj_iotdk_10/gnu_arcem9d/device/ip/subsystem/gpio/gpio.o
                0x2000786c                io_gpio_close
 .text.io_gpio_read
                0x200078c4       0x18 obj_iotdk_10/gnu_arcem9d/device/ip/subsystem/gpio/gpio.o
                0x200078c4                io_gpio_read
 .text.io_gpio_write
                0x200078dc       0x14 obj_iotdk_10/gnu_arcem9d/device/ip/subsystem/gpio/gpio.o
                0x200078dc                io_gpio_write
 .text.io_gpio_ioctl
                0x200078f0       0xb4 obj_iotdk_10/gnu_arcem9d/device/ip/subsystem/gpio/gpio.o
                0x200078f0                io_gpio_ioctl
 .text.ss_iic_master_close
                0x200079a4       0x44 obj_iotdk_10/gnu_arcem9d/device/ip/subsystem/iic/ss_i2c_master.o
                0x200079a4                ss_iic_master_close
 .text.ss_iic_master_control
                0x200079e8      0x274 obj_iotdk_10/gnu_arcem9d/device/ip/subsystem/iic/ss_i2c_master.o
                0x200079e8                ss_iic_master_control
 .text.ss_iic_master_open
                0x20007c5c       0xe8 obj_iotdk_10/gnu_arcem9d/device/ip/subsystem/iic/ss_i2c_master.o
                0x20007c5c                ss_iic_master_open
 .text.ss_iic_master_write
                0x20007d44       0x64 obj_iotdk_10/gnu_arcem9d/device/ip/subsystem/iic/ss_i2c_master.o
                0x20007d44                ss_iic_master_write
 .text.ss_iic_master_read
                0x20007da8       0x64 obj_iotdk_10/gnu_arcem9d/device/ip/subsystem/iic/ss_i2c_master.o
                0x20007da8                ss_iic_master_read
 .text.ss_iic_master_tx_cb
                0x20007e0c       0x20 obj_iotdk_10/gnu_arcem9d/device/ip/subsystem/iic/ss_i2c_master.o
                0x20007e0c                ss_iic_master_tx_cb
 .text.ss_iic_master_rx_cb
                0x20007e2c       0x20 obj_iotdk_10/gnu_arcem9d/device/ip/subsystem/iic/ss_i2c_master.o
                0x20007e2c                ss_iic_master_rx_cb
 .text.ss_iic_master_err_cb
                0x20007e4c       0x18 obj_iotdk_10/gnu_arcem9d/device/ip/subsystem/iic/ss_i2c_master.o
                0x20007e4c                ss_iic_master_err_cb
 .text.set_dps  0x20007e64       0x94 obj_iotdk_10/gnu_arcem9d/device/ip/subsystem/uart/ss_uart.o
 .text.ss_uart_open
                0x20007ef8       0xdc obj_iotdk_10/gnu_arcem9d/device/ip/subsystem/uart/ss_uart.o
                0x20007ef8                ss_uart_open
 .text.ss_uart_close
                0x20007fd4       0x34 obj_iotdk_10/gnu_arcem9d/device/ip/subsystem/uart/ss_uart.o
                0x20007fd4                ss_uart_close
 .text.ss_uart_control
                0x20008008      0x194 obj_iotdk_10/gnu_arcem9d/device/ip/subsystem/uart/ss_uart.o
                0x20008008                ss_uart_control
 .text.ss_uart_write
                0x2000819c       0xb0 obj_iotdk_10/gnu_arcem9d/device/ip/subsystem/uart/ss_uart.o
                0x2000819c                ss_uart_write
 .text.ss_uart_read
                0x2000824c       0xb4 obj_iotdk_10/gnu_arcem9d/device/ip/subsystem/uart/ss_uart.o
                0x2000824c                ss_uart_read
 .text.ss_uart_tx_cb
                0x20008300       0x20 obj_iotdk_10/gnu_arcem9d/device/ip/subsystem/uart/ss_uart.o
                0x20008300                ss_uart_tx_cb
 .text.ss_uart_rx_cb
                0x20008320       0x20 obj_iotdk_10/gnu_arcem9d/device/ip/subsystem/uart/ss_uart.o
                0x20008320                ss_uart_rx_cb
 .text.ss_uart_err_cb
                0x20008340       0x14 obj_iotdk_10/gnu_arcem9d/device/ip/subsystem/uart/ss_uart.o
                0x20008340                ss_uart_err_cb
 .text.uart0_dmatx_ISR
                0x20008354        0x4 obj_iotdk_10/gnu_arcem9d/device/ip/subsystem/uart/uart.o
 .text.uart_isr_proc
                0x20008358      0x33c obj_iotdk_10/gnu_arcem9d/device/ip/subsystem/uart/uart.o
 .text.uart3_ISR
                0x20008694        0x8 obj_iotdk_10/gnu_arcem9d/device/ip/subsystem/uart/uart.o
 .text.uart2_ISR
                0x2000869c        0x8 obj_iotdk_10/gnu_arcem9d/device/ip/subsystem/uart/uart.o
 .text.uart1_ISR
                0x200086a4        0x8 obj_iotdk_10/gnu_arcem9d/device/ip/subsystem/uart/uart.o
 .text.uart0_ISR
                0x200086ac        0x8 obj_iotdk_10/gnu_arcem9d/device/ip/subsystem/uart/uart.o
 .text.uart3_dmarx_ISR
                0x200086b4        0x4 obj_iotdk_10/gnu_arcem9d/device/ip/subsystem/uart/uart.o
 .text.uart0_dmarx_ISR
                0x200086b8        0x4 obj_iotdk_10/gnu_arcem9d/device/ip/subsystem/uart/uart.o
 .text.uart1_dmatx_ISR
                0x200086bc        0x4 obj_iotdk_10/gnu_arcem9d/device/ip/subsystem/uart/uart.o
 .text.uart1_dmarx_ISR
                0x200086c0        0x4 obj_iotdk_10/gnu_arcem9d/device/ip/subsystem/uart/uart.o
 .text.uart2_dmatx_ISR
                0x200086c4        0x4 obj_iotdk_10/gnu_arcem9d/device/ip/subsystem/uart/uart.o
 .text.uart2_dmarx_ISR
                0x200086c8        0x4 obj_iotdk_10/gnu_arcem9d/device/ip/subsystem/uart/uart.o
 .text.uart3_dmatx_ISR
                0x200086cc        0x4 obj_iotdk_10/gnu_arcem9d/device/ip/subsystem/uart/uart.o
 .text.io_uart_open
                0x200086d0       0xc8 obj_iotdk_10/gnu_arcem9d/device/ip/subsystem/uart/uart.o
                0x200086d0                io_uart_open
 .text.io_uart_close
                0x20008798       0x68 obj_iotdk_10/gnu_arcem9d/device/ip/subsystem/uart/uart.o
                0x20008798                io_uart_close
 .text.io_uart_read
                0x20008800       0x58 obj_iotdk_10/gnu_arcem9d/device/ip/subsystem/uart/uart.o
                0x20008800                io_uart_read
 .text.io_uart_write
                0x20008858       0x80 obj_iotdk_10/gnu_arcem9d/device/ip/subsystem/uart/uart.o
                0x20008858                io_uart_write
 .text.io_uart_ioctl
                0x200088d8      0x1c0 obj_iotdk_10/gnu_arcem9d/device/ip/subsystem/uart/uart.o
                0x200088d8                io_uart_ioctl
 .text.retrieve_rxfifo
                0x20008a98       0x4c obj_iotdk_10/gnu_arcem9d/device/ip/subsystem/iic/i2c_master.o
 .text.fill_txfifo
                0x20008ae4       0x9c obj_iotdk_10/gnu_arcem9d/device/ip/subsystem/iic/i2c_master.o
 .text.i2c_mst_rx_avail_ISR_proc
                0x20008b80       0x58 obj_iotdk_10/gnu_arcem9d/device/ip/subsystem/iic/i2c_master.o
 .text.i2c_mst2_rx_avail_ISR
                0x20008bd8        0x8 obj_iotdk_10/gnu_arcem9d/device/ip/subsystem/iic/i2c_master.o
 .text.i2c_mst1_rx_avail_ISR
                0x20008be0        0x8 obj_iotdk_10/gnu_arcem9d/device/ip/subsystem/iic/i2c_master.o
 .text.i2c_mst0_rx_avail_ISR
                0x20008be8        0x8 obj_iotdk_10/gnu_arcem9d/device/ip/subsystem/iic/i2c_master.o
 .text.i2c_mst_err_ISR_proc
                0x20008bf0       0x4c obj_iotdk_10/gnu_arcem9d/device/ip/subsystem/iic/i2c_master.o
 .text.i2c_mst2_err_ISR
                0x20008c3c        0x8 obj_iotdk_10/gnu_arcem9d/device/ip/subsystem/iic/i2c_master.o
 .text.i2c_mst1_err_ISR
                0x20008c44        0x8 obj_iotdk_10/gnu_arcem9d/device/ip/subsystem/iic/i2c_master.o
 .text.i2c_mst0_err_ISR
                0x20008c4c        0x8 obj_iotdk_10/gnu_arcem9d/device/ip/subsystem/iic/i2c_master.o
 .text.fill_txfifo_for_rx
                0x20008c54       0x60 obj_iotdk_10/gnu_arcem9d/device/ip/subsystem/iic/i2c_master.o
 .text.i2c_mst_stop_det_ISR_proc
                0x20008cb4       0xcc obj_iotdk_10/gnu_arcem9d/device/ip/subsystem/iic/i2c_master.o
 .text.i2c_mst2_stop_det_ISR
                0x20008d80        0x8 obj_iotdk_10/gnu_arcem9d/device/ip/subsystem/iic/i2c_master.o
 .text.i2c_mst1_stop_det_ISR
                0x20008d88        0x8 obj_iotdk_10/gnu_arcem9d/device/ip/subsystem/iic/i2c_master.o
 .text.i2c_mst0_stop_det_ISR
                0x20008d90        0x8 obj_iotdk_10/gnu_arcem9d/device/ip/subsystem/iic/i2c_master.o
 .text.i2c_mst_tx_req_ISR_proc
                0x20008d98       0x98 obj_iotdk_10/gnu_arcem9d/device/ip/subsystem/iic/i2c_master.o
 .text.i2c_mst2_tx_req_ISR
                0x20008e30        0x8 obj_iotdk_10/gnu_arcem9d/device/ip/subsystem/iic/i2c_master.o
 .text.i2c_mst1_tx_req_ISR
                0x20008e38        0x8 obj_iotdk_10/gnu_arcem9d/device/ip/subsystem/iic/i2c_master.o
 .text.i2c_mst0_tx_req_ISR
                0x20008e40        0x8 obj_iotdk_10/gnu_arcem9d/device/ip/subsystem/iic/i2c_master.o
 .text.io_i2c_master_open
                0x20008e48       0xd8 obj_iotdk_10/gnu_arcem9d/device/ip/subsystem/iic/i2c_master.o
                0x20008e48                io_i2c_master_open
 .text.io_i2c_master_close
                0x20008f20      0x114 obj_iotdk_10/gnu_arcem9d/device/ip/subsystem/iic/i2c_master.o
                0x20008f20                io_i2c_master_close
 .text.io_i2c_master_read
                0x20009034       0x58 obj_iotdk_10/gnu_arcem9d/device/ip/subsystem/iic/i2c_master.o
                0x20009034                io_i2c_master_read
 .text.io_i2c_master_write
                0x2000908c       0x50 obj_iotdk_10/gnu_arcem9d/device/ip/subsystem/iic/i2c_master.o
                0x2000908c                io_i2c_master_write
 .text.io_i2c_master_ioctl
                0x200090dc      0x1ac obj_iotdk_10/gnu_arcem9d/device/ip/subsystem/iic/i2c_master.o
                0x200090dc                io_i2c_master_ioctl
 .text          0x20009288     0x1bd8 libCSpotter_IC.a(CSpotterSDKApi.o)
                0x20009288                CSpotter_GetVersion
                0x200092b8                CSpotter_Init_Sep
                0x20009320                CSpotter_Init_SepWithExtRejModel
                0x200093f0                CSpotter_Init_Multi
                0x20009458                CSpotter_Init_MultiWithExtRejModel
                0x200097b4                CSpotter_GetMemoryUsage_Sep
                0x200097f0                CSpotter_GetMemoryUsage_SepWithSpeaker
                0x20009834                CSpotter_GetMemoryUsage_SepWithExtRejModel
                0x20009878                CSpotter_GetMemoryUsage_SepWithSpeakerAndExtRejModel
                0x200098c0                CSpotter_GetMemoryUsage_Multi
                0x20009900                CSpotter_GetMemoryUsage_MultiWithSpeaker
                0x20009948                CSpotter_GetMemoryUsage_MultiWithExtRejModel
                0x20009990                CSpotter_GetMemoryUsage_MultiWithSpeakerAndExtRejModel
                0x20009aac                CSpotter_GetStateSize
                0x20009b84                CSpotter_Release
                0x20009bec                CSpotter_Reset
                0x20009d4c                CSpotter_AddSampleAndGetFea
                0x20009dec                CSpotter_AddFeatures
                0x20009ee4                CSpotter_GetResult
                0x20009f44                CSpotter_GetResultEPD
                0x20009fe8                CSpotter_GetResultScore
                0x2000a074                CSpotter_GetResultCmdModel
                0x2000a180                CSpotter_GetResultMapID
                0x2000a1f4                CSpotter_SetResultMapID_Sep
                0x2000a224                CSpotter_SetResultMapID_Multi
                0x2000a2c0                CSpotter_SetEnableNBest
                0x2000a330                CSpotter_GetNBestScore
                0x2000a3f0                CSpotter_GetSpeakerResult
                0x2000a45c                CSpotter_SetRejectionLevel
                0x2000a4cc                CSpotter_SetResponseTime
                0x2000a53c                CSpotter_SetCmdReward
                0x2000a570                CSpotter_SetCmdRewardOffset
                0x2000a5e8                CSpotter_SetCmdResponseReward
                0x2000a61c                CSpotter_SetCmdResponseOffset
                0x2000a694                CSpotter_GetNumWord
                0x2000a6e0                CSpotter_IsActiveCmd
                0x2000a734                CSpotter_SetEndStateRange
                0x2000a7a4                CSpotter_SetOLGarbThreshd
                0x2000a814                CSpotter_SetPartialRejectLevel
                0x2000a8c8                CSpotter_SetPartialRejectStateNum
                0x2000a938                CSpotter_SetFreqWarpFactor
                0x2000a9a8                CSpotter_SetMinEnergyThreshd
                0x2000aa18                CSpotter_SetSpeakerIdentLevel
                0x2000aa70                CSpotter_SetEnableRejectedResult
                0x2000aae0                CSpotter_SetRejectedResultEnergyThreshd
                0x2000ab50                CSpotter_IsVoiceActive
                0x2000abac                CSpotter_GetModelCmdReward
                0x2000ac2c                CSpotter_GetMaxActiveState
                0x2000ac78                CSpotter_SetPenaltyFiller
                0x2000accc                CSpotter_SetOptionBeginStateTime
                0x2000ad20                CSpotter_SetModelOptionBeginState
                0x2000ad7c                CSpotter_SetWordOptionBeginState
                0x2000ade0                CSpotter_VerInfo
                0x2000adf8                CSpotter_AddSample
 .text          0x2000ae60      0x26c libCSpotter_IC.a(BsrAli.o)
                0x2000ae60                BsrJohn
                0x2000aeb8                BsrJose
                0x2000af2c                BsrJosh
                0x2000aff0                BsrJuan
 .text          0x2000b0cc     0x2db8 libCSpotter_IC.a(BsrGo.o)
                0x2000b0cc                NINJA_API_1
                0x2000b1bc                NINJA_API_40
                0x2000b29c                NINJA_API_57
                0x2000b2e8                NINJA_API_58
                0x2000b424                NINJA_API_39
                0x2000b480                NINJA_API_9
                0x2000b4e0                NINJA_API_72
                0x2000b544                NINJA_API_73
                0x2000bc50                NINJA_API_2
                0x2000bcc4                NINJA_API_38
                0x2000bd08                NINJA_API_8
                0x2000bd50                NINJA_API_74
                0x2000bd98                NINJA_API_75
                0x2000bf5c                NINJA_API_47
                0x2000c040                NINJA_API_48
                0x2000c134                NINJA_API_55
                0x2000c1c8                NINJA_API_56
                0x2000c244                NINJA_API_10
                0x2000c480                NINJA_API_43
                0x2000c568                NINJA_API_11
                0x2000c79c                NINJA_API_12
                0x2000ca90                NINJA_API_13
                0x2000ccc4                NINJA_API_14
                0x2000cf8c                NINJA_API_3
                0x2000d004                NINJA_API_15
                0x2000d060                NINJA_API_16
                0x2000d0bc                NINJA_API_17
                0x2000d130                NINJA_API_18
                0x2000d1a4                NINJA_API_80
                0x2000d1e4                NINJA_API_19
                0x2000d240                NINJA_API_81
                0x2000d29c                NINJA_API_84
                0x2000d2d8                NINJA_API_82
                0x2000d33c                NINJA_API_83
                0x2000d3a8                NINJA_API_20
                0x2000d404                NINJA_API_71
                0x2000d460                NINJA_API_67
                0x2000d4bc                NINJA_API_68
                0x2000d4fc                NINJA_API_69
                0x2000d558                NINJA_API_70
                0x2000d598                NINJA_API_49
                0x2000d5f8                NINJA_API_22
                0x2000d634                NINJA_API_23
                0x2000d694                NINJA_API_24
                0x2000d6f0                NINJA_API_25
                0x2000d750                NINJA_API_26
                0x2000d7c4                NINJA_API_46
                0x2000d83c                NINJA_API_52
                0x2000d894                NINJA_API_65
                0x2000d8f0                NINJA_API_27
                0x2000d944                NINJA_API_28
                0x2000d998                NINJA_API_66
                0x2000d9f4                NINJA_API_62
                0x2000da4c                NINJA_API_29
                0x2000daa0                NINJA_API_63
                0x2000dae0                NINJA_API_30
                0x2000daf8                NINJA_API_64
                0x2000db0c                NINJA_API_78
                0x2000db4c                NINJA_API_79
                0x2000db9c                NINJA_API_31
                0x2000dbd0                NINJA_API_32
                0x2000dc04                NINJA_API_50
                0x2000dc40                NINJA_API_44
                0x2000dc88                NINJA_API_45
                0x2000dcdc                NINJA_API_33
                0x2000dd10                NINJA_API_51
                0x2000dd44                NINJA_API_34
                0x2000dd78                NINJA_API_59
                0x2000ddb4                NINJA_API_35
                0x2000dde8                NINJA_API_41
                0x2000de1c                NINJA_API_42
                0x2000de50                NINJA_API_36
 .text          0x2000de84     0x346c libCSpotter_IC.a(BsrJim.o)
                0x2000e6a8                BsrMichael
                0x2000eafc                BsrAna
                0x2000f080                BsrAri
                0x2000f1f0                BsrAsa
                0x2000f474                BsrAve
                0x2000f4b4                BsrAvea
                0x2000f934                BsrBeni
                0x2000f99c                BsrDan
                0x2000fa8c                BsrGuy
                0x2000fb34                BsrIan
                0x2000fc44                BsrIvy
                0x2000fd54                BsrJam
                0x2000fd88                BsrJan
                0x2000fdcc                BsrJay
                0x2000fe00                BsrJim
                0x2000fe3c                BsrOakley
                0x2000fe78                BsrObama
                0x2000feb4                BsrOcean
                0x2000ff30                BsrOceana
                0x2000ffa4                BsrJoe
                0x20010004                BsrJoea
                0x200100cc                BsrJon
                0x20010138                BsrJone
                0x2001016c                BsrJom
                0x200101cc                BsrJome
                0x20010200                BsrJoy
                0x20010240                BsrJoyce
                0x200102b4                BsrKai
                0x200102e8                BsrJoyci
                0x200103e8                BsrEli
                0x200104b0                BsrEla
                0x200104ec                BsrEle
                0x200105bc                BsrKia
                0x20010650                BsrEva
                0x200106b0                BsrEve
                0x200106e8                BsrKab
                0x20010718                BsrKae
                0x20010788                BsrMichelle
                0x200107bc                BsrLea
                0x200107f0                BsrMickey
                0x20010950                BsrMonica
                0x20010a64                BsrMorris
                0x20010b40                BsrLee
                0x20010bf4                BsrLei
                0x20010c40                BsrLeo
                0x20010c8c                BsrLeonard
                0x20010d30                BsrMaxi
                0x20010eb8                BsrLuz
                0x20010f08                BsrMike
                0x200110c4                BsrMilton
                0x20011128                BsrMax
 .text          0x200112f0      0x5dc libCSpotter_IC.a(BsrJoe.o)
                0x200112f0                BsrZoe
                0x20011300                BsrAdan
                0x2001131c                BsrAlan
                0x20011370                BsrAbby
                0x20011418                BsrAbel
                0x20011598                BsrAldo
                0x200115f8                BsrAdam
                0x20011834                BsrAlec
 .text          0x200118cc     0x1244 libCSpotter_IC.a(BsrKai.o)
                0x20012240                BsrMya
                0x20012308                BsrNia
                0x20012354                BsrMia
                0x200123c4                BsrRay
                0x20012500                BsrNoe
                0x20012544                BsrNoei
                0x200125a0                BsrRex
                0x200125e0                BsrRey
                0x20012618                BsrTed
                0x20012650                BsrTia
                0x2001271c                BsrTom
                0x200128a0                BsrTop
                0x20012978                BsrRon
                0x20012a58                BsrTre
                0x20012a94                BsrRoy
 .text          0x20012b10      0xa10 libCSpotter_IC.a(BsrDon.o)
                0x20012b10                BsrAlma
                0x20012dc4                BsrAmir
                0x20012e08                BsrAmos
                0x2001309c                BsrAsha
                0x200130e4                BsrAndy
                0x2001313c                BsrAsia
                0x20013194                BsrAnna
                0x200131f4                BsrAxel
                0x2001324c                BsrAyla
                0x200132a4                BsrAnne
                0x20013310                BsrAnnie
                0x20013390                BsrAric
                0x200133c4                BsrAron
                0x200133f8                BsrBaby
                0x2001342c                BsrBeau
                0x2001346c                BsrBee
                0x200134a0                BsrBeth
                0x200134d8                BsrBill
 .text          0x20013520      0x8dc libCSpotter_IC.a(BsrEli.o)
                0x20013520                BsrErica
                0x200137ac                BsrEmma
                0x20013928                BsrEric
                0x200139dc                BsrErik
                0x20013a74                BsrErin
                0x20013d84                BsrEvan
 .text          0x20013dfc      0xacc libCSpotter_IC.a(BsrEva.o)
                0x20013dfc                BsrEden
                0x200141b4                BsrElla
                0x200145fc                BsrElsa
 .text          0x200148c8      0x32c libCSpotter_IC.a(BsrGuy.o)
                0x200148c8                BsrHugo
                0x200149bc                BsrIris
                0x20014a84                BsrIrma
                0x20014b88                BsrIsai
 .text          0x20014bf4     0x2fb4 libCSpotter_IC.a(BsrJay.o)
                0x20014f74                BsrCade
                0x200153b8                BsrCadea
                0x20015708                BsrCale
                0x20015980                BsrCara
                0x20015ff8                BsrCarae
                0x200161f4                BsrChad
                0x2001646c                BsrChada
                0x200165dc                BsrChaz
                0x200167c0                BsrChaze
                0x200169d4                BsrChaza
                0x20016b3c                BsrChazi
                0x20017494                BsrClay
 .text          0x20017ba8     0x11a4 libCSpotter_IC.a(BsrJoy.o)
                0x20017e10                BsrCory
                0x20018204                BsrCoty
                0x20018264                BsrCruz
                0x200182d4                BsrDale
                0x20018324                BsrDana
                0x200183c8                BsrDane
                0x200183f8                BsrDara
                0x20018428                BsrDrew
                0x20018458                BsrDawn
                0x20018488                BsrDeja
                0x200185a0                BsrDemi
                0x20018770                BsrDeon
                0x20018984                BsrDina
                0x20018c1c                BsrDion
 .text          0x20018d4c      0x234 libCSpotter_IC.a(BsrAna.o)
                0x20018d4c                BsrGary
                0x20018e58                BsrGene
 .text          0x20018f80      0xa64 libCSpotter_IC.a(BsrAnn.o)
                0x2001914c                BsrGreg
                0x200193c0                BsrHans
                0x200194c8                BsrHali
                0x200198dc                BsrHope
 .text          0x200199e4       0x9c libCSpotter_IC.a(BsrBen.o)
                0x200199e4                BsrBrad
 .text          0x20019a80       0x88 c:/arc_gnu/bin/../lib/gcc/arc-elf32/8.3.1/../../../../arc-elf32/lib/em4_fpuda\libm.a(lib_a-w_asin.o)
                0x20019a80                asin
 .text          0x20019b08        0x4 c:/arc_gnu/bin/../lib/gcc/arc-elf32/8.3.1/../../../../arc-elf32/lib/em4_fpuda\libm.a(lib_a-w_atan2.o)
                0x20019b08                atan2
 .text          0x20019b0c      0x448 c:/arc_gnu/bin/../lib/gcc/arc-elf32/8.3.1/../../../../arc-elf32/lib/em4_fpuda\libm.a(lib_a-e_asin.o)
                0x20019b0c                __ieee754_asin
 .text          0x20019f54      0x224 c:/arc_gnu/bin/../lib/gcc/arc-elf32/8.3.1/../../../../arc-elf32/lib/em4_fpuda\libm.a(lib_a-e_atan2.o)
                0x20019f54                __ieee754_atan2
 .text          0x2001a178      0x1e4 c:/arc_gnu/bin/../lib/gcc/arc-elf32/8.3.1/../../../../arc-elf32/lib/em4_fpuda\libm.a(lib_a-e_sqrt.o)
                0x2001a178                __ieee754_sqrt
 .text          0x2001a35c      0x328 c:/arc_gnu/bin/../lib/gcc/arc-elf32/8.3.1/../../../../arc-elf32/lib/em4_fpuda\libm.a(lib_a-s_atan.o)
                0x2001a35c                atan
 .text          0x2001a684        0x4 c:/arc_gnu/bin/../lib/gcc/arc-elf32/8.3.1/../../../../arc-elf32/lib/em4_fpuda\libm.a(lib_a-s_fabs.o)
                0x2001a684                fabs
 .text          0x2001a688        0xc c:/arc_gnu/bin/../lib/gcc/arc-elf32/8.3.1/../../../../arc-elf32/lib/em4_fpuda\libm.a(lib_a-s_nan.o)
                0x2001a688                nan
 .text          0x2001a694        0x4 c:/arc_gnu/bin/../lib/gcc/arc-elf32/8.3.1/../../../../arc-elf32/lib/em4_fpuda\libc.a(lib_a-errno.o)
                0x2001a694                __errno
 .text          0x2001a698       0x24 c:/arc_gnu/bin/../lib/gcc/arc-elf32/8.3.1/../../../../arc-elf32/lib/em4_fpuda\libc.a(lib_a-exit.o)
                0x2001a698                exit
 .text          0x2001a6bc       0xf8 c:/arc_gnu/bin/../lib/gcc/arc-elf32/8.3.1/../../../../arc-elf32/lib/em4_fpuda\libc.a(lib_a-memcmp-bs-norm.o)
                0x2001a6bc                memcmp
 .text          0x2001a7b4       0x5c c:/arc_gnu/bin/../lib/gcc/arc-elf32/8.3.1/../../../../arc-elf32/lib/em4_fpuda\libc.a(lib_a-printf.o)
                0x2001a7b4                _printf_r
                0x2001a7dc                printf
 .text          0x2001a810       0x80 c:/arc_gnu/bin/../lib/gcc/arc-elf32/8.3.1/../../../../arc-elf32/lib/em4_fpuda\libc.a(lib_a-puts.o)
                0x2001a810                _puts_r
                0x2001a888                puts
 .text          0x2001a890       0x98 c:/arc_gnu/bin/../lib/gcc/arc-elf32/8.3.1/../../../../arc-elf32/lib/em4_fpuda\libc.a(lib_a-sprintf.o)
                0x2001a890                _sprintf_r
                0x2001a8d8                sprintf
 .text          0x2001a928       0x88 c:/arc_gnu/bin/../lib/gcc/arc-elf32/8.3.1/../../../../arc-elf32/lib/em4_fpuda\libc.a(lib_a-strlen-bs-norm.o)
                0x2001a928                strlen
 .text          0x2001a9b0     0x1130 c:/arc_gnu/bin/../lib/gcc/arc-elf32/8.3.1/../../../../arc-elf32/lib/em4_fpuda\libc.a(lib_a-strtod.o)
                0x2001a9fc                _strtod_l
                0x2001b944                _strtod_r
                0x2001b950                strtod_l
                0x2001b95c                strtod
                0x2001b96c                strtof_l
                0x2001ba24                strtof
 .text          0x2001bae0     0x17fc c:/arc_gnu/bin/../lib/gcc/arc-elf32/8.3.1/../../../../arc-elf32/lib/em4_fpuda\libc.a(lib_a-svfprintf.o)
                0x2001bae0                _svfprintf_r
 .text          0x2001d2dc     0x18f8 c:/arc_gnu/bin/../lib/gcc/arc-elf32/8.3.1/../../../../arc-elf32/lib/em4_fpuda\libc.a(lib_a-vfprintf.o)
                0x2001d2dc                _vfprintf_r
                0x2001eb2c                vfprintf
 .text          0x2001ebd4       0xe8 c:/arc_gnu/bin/../lib/gcc/arc-elf32/8.3.1/../../../../arc-elf32/lib/em4_fpuda\libc.a(lib_a-wsetup.o)
                0x2001ebd4                __swsetup_r
 .text          0x2001ecbc       0xf8 c:/arc_gnu/bin/../lib/gcc/arc-elf32/8.3.1/../../../../arc-elf32/lib/em4_fpuda\libc.a(lib_a-__call_atexit.o)
                0x2001ecbc                __call_exitprocs
 .text          0x2001edb4     0x12b4 c:/arc_gnu/bin/../lib/gcc/arc-elf32/8.3.1/../../../../arc-elf32/lib/em4_fpuda\libc.a(lib_a-dtoa.o)
                0x2001ef30                _dtoa_r
 .text          0x20020068      0x1d4 c:/arc_gnu/bin/../lib/gcc/arc-elf32/8.3.1/../../../../arc-elf32/lib/em4_fpuda\libc.a(lib_a-fflush.o)
                0x20020068                __sflush_r
                0x200201dc                _fflush_r
                0x2002021c                fflush
 .text          0x2002023c      0x290 c:/arc_gnu/bin/../lib/gcc/arc-elf32/8.3.1/../../../../arc-elf32/lib/em4_fpuda\libc.a(lib_a-findfp.o)
                0x20020240                _cleanup_r
                0x20020384                __sfmoreglue
                0x200203c8                __sfp
                0x20020484                _cleanup
                0x20020498                __sinit
                0x200204a4                __sfp_lock_acquire
                0x200204a8                __sfp_lock_release
                0x200204ac                __sinit_lock_acquire
                0x200204b0                __sinit_lock_release
                0x200204b4                __fp_lock_all
                0x200204c0                __fp_unlock_all
 .text          0x200204cc      0x3b8 c:/arc_gnu/bin/../lib/gcc/arc-elf32/8.3.1/../../../../arc-elf32/lib/em4_fpuda\libc.a(lib_a-freer.o)
                0x200204cc                _malloc_trim_r
                0x200205a0                _free_r
 .text          0x20020884      0x390 c:/arc_gnu/bin/../lib/gcc/arc-elf32/8.3.1/../../../../arc-elf32/lib/em4_fpuda\libc.a(lib_a-fvwrite.o)
                0x20020884                __sfvwrite_r
 .text          0x20020c14       0xfc c:/arc_gnu/bin/../lib/gcc/arc-elf32/8.3.1/../../../../arc-elf32/lib/em4_fpuda\libc.a(lib_a-fwalk.o)
                0x20020c14                _fwalk
                0x20020c8c                _fwalk_reent
 .text          0x20020d10      0x6d4 c:/arc_gnu/bin/../lib/gcc/arc-elf32/8.3.1/../../../../arc-elf32/lib/em4_fpuda\libc.a(lib_a-gdtoa-gethex.o)
                0x20020dd4                __gethex
 .text          0x200213e4      0x1f8 c:/arc_gnu/bin/../lib/gcc/arc-elf32/8.3.1/../../../../arc-elf32/lib/em4_fpuda\libc.a(lib_a-gdtoa-hexnan.o)
                0x200213e4                __match
                0x20021418                __hexnan
 .text          0x200215dc       0x64 c:/arc_gnu/bin/../lib/gcc/arc-elf32/8.3.1/../../../../arc-elf32/lib/em4_fpuda\libc.a(lib_a-locale.o)
                0x200215dc                _setlocale_r
                0x20021628                __locale_mb_cur_max
                0x20021634                setlocale
 .text          0x20021640       0x18 c:/arc_gnu/bin/../lib/gcc/arc-elf32/8.3.1/../../../../arc-elf32/lib/em4_fpuda\libc.a(lib_a-localeconv.o)
                0x20021640                __localeconv_l
                0x20021648                _localeconv_r
                0x20021650                localeconv
 .text          0x20021658      0x13c c:/arc_gnu/bin/../lib/gcc/arc-elf32/8.3.1/../../../../arc-elf32/lib/em4_fpuda\libc.a(lib_a-makebuf.o)
                0x20021658                __swhatbuf_r
                0x200216e0                __smakebuf_r
 .text          0x20021794      0x718 c:/arc_gnu/bin/../lib/gcc/arc-elf32/8.3.1/../../../../arc-elf32/lib/em4_fpuda\libc.a(lib_a-mallocr.o)
                0x20021794                _malloc_r
 .text          0x20021eac       0x54 c:/arc_gnu/bin/../lib/gcc/arc-elf32/8.3.1/../../../../arc-elf32/lib/em4_fpuda\libc.a(lib_a-mbtowc_r.o)
                0x20021eac                _mbtowc_r
                0x20021eb8                __ascii_mbtowc
 .text          0x20021f00       0xc8 c:/arc_gnu/bin/../lib/gcc/arc-elf32/8.3.1/../../../../arc-elf32/lib/em4_fpuda\libc.a(lib_a-memchr.o)
                0x20021f00                memchr
 .text          0x20021fc8       0x80 c:/arc_gnu/bin/../lib/gcc/arc-elf32/8.3.1/../../../../arc-elf32/lib/em4_fpuda\libc.a(lib_a-memcpy-bs.o)
                0x20021fc8                memcpy
 .text          0x20022048      0x100 c:/arc_gnu/bin/../lib/gcc/arc-elf32/8.3.1/../../../../arc-elf32/lib/em4_fpuda\libc.a(lib_a-memmove.o)
                0x20022048                memmove
 .text          0x20022148       0x6c c:/arc_gnu/bin/../lib/gcc/arc-elf32/8.3.1/../../../../arc-elf32/lib/em4_fpuda\libc.a(lib_a-memset-bs.o)
                0x20022148                memset
                0x2002219c                __strncpy_bzero
 .text          0x200221b4        0x8 c:/arc_gnu/bin/../lib/gcc/arc-elf32/8.3.1/../../../../arc-elf32/lib/em4_fpuda\libc.a(lib_a-mlock.o)
                0x200221b4                __malloc_lock
                0x200221b8                __malloc_unlock
 .text          0x200221bc      0xb78 c:/arc_gnu/bin/../lib/gcc/arc-elf32/8.3.1/../../../../arc-elf32/lib/em4_fpuda\libc.a(lib_a-mprec.o)
                0x200221bc                _Balloc
                0x2002222c                _Bfree
                0x20022240                __multadd
                0x20022308                __s2b
                0x200223dc                __hi0bits
                0x20022424                __lo0bits
                0x200224a8                __i2b
                0x200224c4                __multiply
                0x2002263c                __pow5mult
                0x2002270c                __lshift
                0x2002280c                __mcmp
                0x20022850                __mdiff
                0x200229a0                __ulp
                0x200229f4                __b2d
                0x20022ad8                __d2b
                0x20022bb8                __ratio
                0x20022c30                _mprec_log10
                0x20022c74                __copybits
                0x20022cdc                __any_on
 .text          0x20022d34      0x480 c:/arc_gnu/bin/../lib/gcc/arc-elf32/8.3.1/../../../../arc-elf32/lib/em4_fpuda\libc.a(lib_a-reallocr.o)
                0x20022d34                _realloc_r
 .text          0x200231b4       0x38 c:/arc_gnu/bin/../lib/gcc/arc-elf32/8.3.1/../../../../arc-elf32/lib/em4_fpuda\libc.a(lib_a-sbrkr.o)
                0x200231b4                _sbrk_r
 .text          0x200231ec        0x8 c:/arc_gnu/bin/../lib/gcc/arc-elf32/8.3.1/../../../../arc-elf32/lib/em4_fpuda\libc.a(lib_a-sf_nan.o)
                0x200231ec                nanf
 .text          0x200231f4       0xc8 c:/arc_gnu/bin/../lib/gcc/arc-elf32/8.3.1/../../../../arc-elf32/lib/em4_fpuda\libc.a(lib_a-stdio.o)
                0x200231f4                __sread
                0x20023224                __seofread
                0x20023228                __swrite
                0x2002327c                __sseek
                0x200232b4                __sclose
 .text          0x200232bc       0x90 c:/arc_gnu/bin/../lib/gcc/arc-elf32/8.3.1/../../../../arc-elf32/lib/em4_fpuda\libc.a(lib_a-strcmp.o)
                0x200232bc                strcmp
 .text          0x2002334c       0xbc c:/arc_gnu/bin/../lib/gcc/arc-elf32/8.3.1/../../../../arc-elf32/lib/em4_fpuda\libc.a(lib_a-strncmp.o)
                0x2002334c                strncmp
 .text          0x20023408      0xd88 c:/arc_gnu/bin/../lib/gcc/arc-elf32/8.3.1/../../../../arc-elf32/lib/em4_fpuda\libc.a(lib_a-svfiprintf.o)
                0x20023408                __ssprint_r
                0x20023548                _svfiprintf_r
 .text          0x20024190     0x102c c:/arc_gnu/bin/../lib/gcc/arc-elf32/8.3.1/../../../../arc-elf32/lib/em4_fpuda\libc.a(lib_a-vfiprintf.o)
                0x20024248                __sprint_r
                0x2002425c                _vfiprintf_r
                0x20025114                vfiprintf
 .text          0x200251bc       0x34 c:/arc_gnu/bin/../lib/gcc/arc-elf32/8.3.1/../../../../arc-elf32/lib/em4_fpuda\libc.a(lib_a-wctomb_r.o)
                0x200251bc                _wctomb_r
                0x200251c8                __ascii_wctomb
 .text          0x200251f0       0x3c c:/arc_gnu/bin/../lib/gcc/arc-elf32/8.3.1/../../../../arc-elf32/lib/em4_fpuda\libc.a(lib_a-writer.o)
                0x200251f0                _write_r
 .text          0x2002522c       0x90 c:/arc_gnu/bin/../lib/gcc/arc-elf32/8.3.1/../../../../arc-elf32/lib/em4_fpuda\libc.a(lib_a-callocr.o)
                0x2002522c                _calloc_r
 .text          0x200252bc       0x38 c:/arc_gnu/bin/../lib/gcc/arc-elf32/8.3.1/../../../../arc-elf32/lib/em4_fpuda\libc.a(lib_a-closer.o)
                0x200252bc                _close_r
 .text          0x200252f4       0xac c:/arc_gnu/bin/../lib/gcc/arc-elf32/8.3.1/../../../../arc-elf32/lib/em4_fpuda\libc.a(lib_a-fclose.o)
                0x200252f4                _fclose_r
                0x20025398                fclose
 .text          0x200253a0      0x138 c:/arc_gnu/bin/../lib/gcc/arc-elf32/8.3.1/../../../../arc-elf32/lib/em4_fpuda\libc.a(lib_a-fputwc.o)
                0x200253a0                __fputwc
                0x20025468                _fputwc_r
                0x20025484                fputwc
 .text          0x200254d8       0x38 c:/arc_gnu/bin/../lib/gcc/arc-elf32/8.3.1/../../../../arc-elf32/lib/em4_fpuda\libc.a(lib_a-fstatr.o)
                0x200254d8                _fstat_r
 .text          0x20025510       0x38 c:/arc_gnu/bin/../lib/gcc/arc-elf32/8.3.1/../../../../arc-elf32/lib/em4_fpuda\libc.a(lib_a-isattyr.o)
                0x20025510                _isatty_r
 .text          0x20025548       0x3c c:/arc_gnu/bin/../lib/gcc/arc-elf32/8.3.1/../../../../arc-elf32/lib/em4_fpuda\libc.a(lib_a-lseekr.o)
                0x20025548                _lseek_r
 .text          0x20025584       0x3c c:/arc_gnu/bin/../lib/gcc/arc-elf32/8.3.1/../../../../arc-elf32/lib/em4_fpuda\libc.a(lib_a-readr.o)
                0x20025584                _read_r
 .text          0x200255c0       0xec c:/arc_gnu/bin/../lib/gcc/arc-elf32/8.3.1/../../../../arc-elf32/lib/em4_fpuda\libc.a(lib_a-wbuf.o)
                0x200255c0                __swbuf_r
                0x200256a0                __swbuf
 .text          0x200256ac       0xac c:/arc_gnu/bin/../lib/gcc/arc-elf32/8.3.1/../../../../arc-elf32/lib/em4_fpuda\libc.a(lib_a-wcrtomb.o)
                0x200256ac                _wcrtomb_r
                0x200256fc                wcrtomb
 .text.__fixdfdi
                0x20025758       0x4c c:/arc_gnu/bin/../lib/gcc/arc-elf32/8.3.1/em4_fpuda\libgcc.a(_fixdfdi.o)
                0x20025758                __fixdfdi
 .text.__fixunsdfdi
                0x200257a4       0x68 c:/arc_gnu/bin/../lib/gcc/arc-elf32/8.3.1/em4_fpuda\libgcc.a(_fixunsdfdi.o)
                0x200257a4                __fixunsdfdi
 .text.__floatdidf
                0x2002580c       0x48 c:/arc_gnu/bin/../lib/gcc/arc-elf32/8.3.1/em4_fpuda\libgcc.a(_floatdidf.o)
                0x2002580c                __floatdidf
 .text.__udivdi3
                0x20025854      0x364 c:/arc_gnu/bin/../lib/gcc/arc-elf32/8.3.1/em4_fpuda\libgcc.a(_udivdi3.o)
                0x20025854                __udivdi3
 .text.__umoddi3
                0x20025bb8      0x300 c:/arc_gnu/bin/../lib/gcc/arc-elf32/8.3.1/em4_fpuda\libgcc.a(_umoddi3.o)
                0x20025bb8                __umoddi3
 .text.__pack_f
                0x20025eb8      0x104 c:/arc_gnu/bin/../lib/gcc/arc-elf32/8.3.1/em4_fpuda\libgcc.a(fp-bit.o)
                0x20025eb8                __pack_f
 .text.__unpack_f
                0x20025fbc       0x80 c:/arc_gnu/bin/../lib/gcc/arc-elf32/8.3.1/em4_fpuda\libgcc.a(fp-bit.o)
                0x20025fbc                __unpack_f
 .text.__make_fp
                0x2002603c       0x18 c:/arc_gnu/bin/../lib/gcc/arc-elf32/8.3.1/em4_fpuda\libgcc.a(fp-bit.o)
                0x2002603c                __make_fp
 .text.__extendsfdf2
                0x20026054       0x2c c:/arc_gnu/bin/../lib/gcc/arc-elf32/8.3.1/em4_fpuda\libgcc.a(fp-bit.o)
                0x20026054                __extendsfdf2
 .text.__pack_d
                0x20026080      0x1bc c:/arc_gnu/bin/../lib/gcc/arc-elf32/8.3.1/em4_fpuda\libgcc.a(dp-bit.o)
                0x20026080                __pack_d
 .text.__unpack_d
                0x2002623c       0xb8 c:/arc_gnu/bin/../lib/gcc/arc-elf32/8.3.1/em4_fpuda\libgcc.a(dp-bit.o)
                0x2002623c                __unpack_d
 .text.__divdf3
                0x200262f4      0x168 c:/arc_gnu/bin/../lib/gcc/arc-elf32/8.3.1/em4_fpuda\libgcc.a(dp-bit.o)
                0x200262f4                __divdf3
 .text.__fpcmp_parts_d
                0x2002645c       0xc4 c:/arc_gnu/bin/../lib/gcc/arc-elf32/8.3.1/em4_fpuda\libgcc.a(dp-bit.o)
                0x2002645c                __fpcmp_parts_d
 .text.__eqdf2  0x20026520       0x40 c:/arc_gnu/bin/../lib/gcc/arc-elf32/8.3.1/em4_fpuda\libgcc.a(dp-bit.o)
                0x20026520                __eqdf2
 .text.__nedf2  0x20026560        0x4 c:/arc_gnu/bin/../lib/gcc/arc-elf32/8.3.1/em4_fpuda\libgcc.a(dp-bit.o)
                0x20026560                __nedf2
 .text.__gtdf2  0x20026564       0x40 c:/arc_gnu/bin/../lib/gcc/arc-elf32/8.3.1/em4_fpuda\libgcc.a(dp-bit.o)
                0x20026564                __gtdf2
 .text.__gedf2  0x200265a4        0x4 c:/arc_gnu/bin/../lib/gcc/arc-elf32/8.3.1/em4_fpuda\libgcc.a(dp-bit.o)
                0x200265a4                __gedf2
 .text.__ltdf2  0x200265a8        0x4 c:/arc_gnu/bin/../lib/gcc/arc-elf32/8.3.1/em4_fpuda\libgcc.a(dp-bit.o)
                0x200265a8                __ltdf2
 .text.__ledf2  0x200265ac        0x4 c:/arc_gnu/bin/../lib/gcc/arc-elf32/8.3.1/em4_fpuda\libgcc.a(dp-bit.o)
                0x200265ac                __ledf2
 .text.__unorddf2
                0x200265b0       0x34 c:/arc_gnu/bin/../lib/gcc/arc-elf32/8.3.1/em4_fpuda\libgcc.a(dp-bit.o)
                0x200265b0                __unorddf2
 .text.__floatsidf
                0x200265e4       0x7c c:/arc_gnu/bin/../lib/gcc/arc-elf32/8.3.1/em4_fpuda\libgcc.a(dp-bit.o)
                0x200265e4                __floatsidf
 .text.__floatunsidf
                0x20026660       0x64 c:/arc_gnu/bin/../lib/gcc/arc-elf32/8.3.1/em4_fpuda\libgcc.a(dp-bit.o)
                0x20026660                __floatunsidf
 .text.__fixdfsi
                0x200266c4       0x90 c:/arc_gnu/bin/../lib/gcc/arc-elf32/8.3.1/em4_fpuda\libgcc.a(dp-bit.o)
                0x200266c4                __fixdfsi
 .text.__fixunsdfsi
                0x20026754       0x60 c:/arc_gnu/bin/../lib/gcc/arc-elf32/8.3.1/em4_fpuda\libgcc.a(dp-bit.o)
                0x20026754                __fixunsdfsi
 .text.__make_dp
                0x200267b4       0x1c c:/arc_gnu/bin/../lib/gcc/arc-elf32/8.3.1/em4_fpuda\libgcc.a(dp-bit.o)
                0x200267b4                __make_dp
 .text.__truncdfsf2
                0x200267d0       0x38 c:/arc_gnu/bin/../lib/gcc/arc-elf32/8.3.1/em4_fpuda\libgcc.a(dp-bit.o)
                0x200267d0                __truncdfsf2
 .text._sbrk    0x20026808       0x40 obj_iotdk_10/gnu_arcem9d/library/clib/embarc_sbrk.o
                0x20026808                _sbrk
 .text.init_stdio_serial.part.0
                0x20026848       0x54 obj_iotdk_10/gnu_arcem9d/library/clib/embarc_syscalls.o
 .text._close   0x2002689c        0x8 obj_iotdk_10/gnu_arcem9d/library/clib/embarc_syscalls.o
                0x2002689c                _close
 .text._read    0x200268a4       0x68 obj_iotdk_10/gnu_arcem9d/library/clib/embarc_syscalls.o
                0x200268a4                _read
 .text._write   0x2002690c       0xac obj_iotdk_10/gnu_arcem9d/library/clib/embarc_syscalls.o
                0x2002690c                _write
 .text._lseek   0x200269b8        0x8 obj_iotdk_10/gnu_arcem9d/library/clib/embarc_syscalls.o
                0x200269b8                _lseek
 .text._isatty  0x200269c0       0x10 obj_iotdk_10/gnu_arcem9d/library/clib/embarc_syscalls.o
                0x200269c0                _isatty
 .text._fstat   0x200269d0       0x1c obj_iotdk_10/gnu_arcem9d/library/clib/embarc_syscalls.o
                0x200269d0                _fstat
 .text._exit    0x200269ec        0x8 obj_iotdk_10/gnu_arcem9d/library/clib/embarc_syscalls.o
                0x200269ec                _exit
                0x200269f4                _e_text = .

.rodata         0x200269f4    0x12200
                0x200269f4                _f_rodata = .
                0x200269f4                . = ALIGN (0x4)
                0x200269f4                __CTOR_LIST__ = .
                0x200269f4        0x4 LONG 0x0 (((__CTOR_END__ - __CTOR_LIST__) / 0x4) - 0x2)
 *(SORT_BY_NAME(.ctors*))
                0x200269f8        0x4 LONG 0x0
                0x200269fc                __CTOR_END__ = .
                0x200269fc                . = ALIGN (0x4)
                0x200269fc                __init_array_start = .
 *(SORT_BY_NAME(.init_array*))
                0x200269fc                __init_array_end = .
                0x200269fc                . = ALIGN (0x4)
                0x200269fc                __DTOR_LIST__ = .
                0x200269fc        0x4 LONG 0x0 (((__DTOR_END__ - __DTOR_LIST__) / 0x4) - 0x2)
 *(SORT_BY_NAME(.dtors*))
                0x20026a00        0x4 LONG 0x0
                0x20026a04                __DTOR_END__ = .
 *(.rodata .rodata.* .gnu.linkonce.r.*)
 .rodata.callback_on_record_error.str1.4
                0x20026a04        0xd obj_iotdk_10/gnu_arcem9d/application/./recorder.o
                                 0x10 (size before relaxing)
 *fill*         0x20026a11        0x3 
 .rodata.callback_on_record_data.str1.4
                0x20026a14       0x18 obj_iotdk_10/gnu_arcem9d/application/./recorder.o
 .rodata.Recorder_Init.str1.4
                0x20026a2c       0x17 obj_iotdk_10/gnu_arcem9d/application/./recorder.o
                                 0x18 (size before relaxing)
 *fill*         0x20026a43        0x1 
 .rodata.mpu9250.str1.4
                0x20026a44        0x7 obj_iotdk_10/gnu_arcem9d/application/./main.o
                                  0x8 (size before relaxing)
 *fill*         0x20026a4b        0x1 
 .rodata.main.str1.4
                0x20026a4c       0xa0 obj_iotdk_10/gnu_arcem9d/application/./main.o
 .rodata        0x20026aec        0xc obj_iotdk_10/gnu_arcem9d/application/./main.o
 .rodata.main   0x20026af8       0x40 obj_iotdk_10/gnu_arcem9d/application/./main.o
 .rodata.pGroup_2_mod
                0x20026b38     0x60c0 obj_iotdk_10/gnu_arcem9d/application/./main.o
 .rodata.pGroup_1_mod
                0x2002cbf8     0x11c0 obj_iotdk_10/gnu_arcem9d/application/./main.o
 .rodata.pCYBase_mod
                0x2002ddb8     0x5610 obj_iotdk_10/gnu_arcem9d/application/./main.o
 .rodata.Spotter_AddSample.str1.4
                0x200333c8       0x14 obj_iotdk_10/gnu_arcem9d/application/./Spotter_IC.o
 .rodata.str1.4
                0x200333dc        0x5 obj_iotdk_10/gnu_arcem9d/board/board.o
                                  0x8 (size before relaxing)
 *fill*         0x200333e1        0x3 
 .rodata.CSWTCH.1
                0x200333e4       0x1c obj_iotdk_10/gnu_arcem9d/board/iotdk/drivers/ip/subsystem/gpio/dfss_gpio_obj.o
 .rodata.dw_i2s_enable_device.isra.2
                0x20033400       0x20 obj_iotdk_10/gnu_arcem9d/device/ip/designware/i2s/dw_i2s.o
 .rodata.dw_i2s_control
                0x20033420       0x20 obj_iotdk_10/gnu_arcem9d/device/ip/designware/i2s/dw_i2s.o
 .rodata.dw_i2s_isr_rx.str1.4
                0x20033440       0x21 obj_iotdk_10/gnu_arcem9d/device/ip/designware/i2s/dw_i2s.o
                                 0x24 (size before relaxing)
 *fill*         0x20033461        0x3 
 .rodata.CSWTCH.41
                0x20033464       0x14 obj_iotdk_10/gnu_arcem9d/device/ip/designware/i2s/dw_i2s.o
 .rodata.CSWTCH.39
                0x20033478       0x10 obj_iotdk_10/gnu_arcem9d/device/ip/designware/i2s/dw_i2s.o
 .rodata.ss_gpio_control
                0x20033488       0x28 obj_iotdk_10/gnu_arcem9d/device/ip/subsystem/gpio/ss_gpio.o
 .rodata.mpu9250_sensor_init.str1.4
                0x200334b0      0x140 obj_iotdk_10/gnu_arcem9d/device/peripheral/sensor/imu/mpu9250/mpu9250.o
 .rodata        0x200335f0       0x3c obj_iotdk_10/gnu_arcem9d/device/peripheral/sensor/imu/mpu9250/inv_mpu_dmp_motion_driver.o
 .rodata.dmp_set_tap_thresh
                0x2003362c       0x3c obj_iotdk_10/gnu_arcem9d/device/peripheral/sensor/imu/mpu9250/inv_mpu_dmp_motion_driver.o
 .rodata.dmp_memory
                0x20033668      0xbf8 obj_iotdk_10/gnu_arcem9d/device/peripheral/sensor/imu/mpu9250/inv_mpu_dmp_motion_driver.o
 .rodata.mpu_get_accel_fsr
                0x20034260       0x10 obj_iotdk_10/gnu_arcem9d/device/peripheral/sensor/imu/mpu9250/inv_mpu.o
 .rodata.mpu_set_accel_fsr
                0x20034270       0x3c obj_iotdk_10/gnu_arcem9d/device/peripheral/sensor/imu/mpu9250/inv_mpu.o
 .rodata.mpu_init.str1.4
                0x200342ac       0x14 obj_iotdk_10/gnu_arcem9d/device/peripheral/sensor/imu/mpu9250/inv_mpu.o
 .rodata.test   0x200342c0       0x30 obj_iotdk_10/gnu_arcem9d/device/peripheral/sensor/imu/mpu9250/inv_mpu.o
                0x200342c0                test
 .rodata.hw     0x200342f0        0xe obj_iotdk_10/gnu_arcem9d/device/peripheral/sensor/imu/mpu9250/inv_mpu.o
                0x200342f0                hw
 .rodata.reg    0x200342fe       0x2a obj_iotdk_10/gnu_arcem9d/device/peripheral/sensor/imu/mpu9250/inv_mpu.o
                0x200342fe                reg
 .rodata.pll_configuration
                0x20034328       0x58 obj_iotdk_10/gnu_arcem9d/board/iotdk/drivers/sysconf/sysconf.o
 .rodata.xprintf_setup.str1.4
                0x20034380      0x320 obj_iotdk_10/gnu_arcem9d/middleware/common/console_io.o
 .rodata.xvprintf
                0x200346a0       0x5c obj_iotdk_10/gnu_arcem9d/middleware/common/xprintf/xprintf.o
 .rodata.int_handler_default.str1.4
                0x200346fc       0x3c obj_iotdk_10/gnu_arcem9d/arc/arc_exception.o
 .rodata.dump_protv_access_err.str1.4
                0x20034738       0x7a obj_iotdk_10/gnu_arcem9d/arc/arc_exception.o
                                 0x7c (size before relaxing)
 *fill*         0x200347b2        0x2 
 .rodata.dump_protv_access_err
                0x200347b4      0x110 obj_iotdk_10/gnu_arcem9d/arc/arc_exception.o
 .rodata.exc_handler_default.str1.4
                0x200348c4      0x5d9 obj_iotdk_10/gnu_arcem9d/arc/arc_exception.o
                                0x5e0 (size before relaxing)
 *fill*         0x20034e9d        0x3 
 .rodata.exc_handler_default
                0x20034ea0       0xd8 obj_iotdk_10/gnu_arcem9d/arc/arc_exception.o
 .rodata.CSWTCH.1
                0x20034f78       0x10 obj_iotdk_10/gnu_arcem9d/board/iotdk/drivers/ip/subsystem/uart/dfss_uart_obj.o
 .rodata.io_gpio_ioctl
                0x20034f88       0xc0 obj_iotdk_10/gnu_arcem9d/device/ip/subsystem/gpio/gpio.o
 .rodata.ss_uart_control
                0x20035048       0x48 obj_iotdk_10/gnu_arcem9d/device/ip/subsystem/uart/ss_uart.o
 .rodata.uart_isr_proc
                0x20035090       0x20 obj_iotdk_10/gnu_arcem9d/device/ip/subsystem/uart/uart.o
 .rodata.io_uart_ioctl
                0x200350b0       0x98 obj_iotdk_10/gnu_arcem9d/device/ip/subsystem/uart/uart.o
 .rodata.io_i2c_master_ioctl
                0x20035148      0x118 obj_iotdk_10/gnu_arcem9d/device/ip/subsystem/iic/i2c_master.o
 .rodata        0x20035260       0x80 libCSpotter_IC.a(CSpotterSDKApi.o)
 .rodata        0x200352e0      0x968 libCSpotter_IC.a(BsrGo.o)
 .rodata        0x20035c48      0x240 libCSpotter_IC.a(BsrEli.o)
 .rodata        0x20035e88      0x700 libCSpotter_IC.a(BsrGuy.o)
 .rodata        0x20036588       0xfc libCSpotter_IC.a(BsrJoy.o)
 .rodata        0x20036684      0x284 libCSpotter_IC.a(BsrAna.o)
 .rodata        0x20036908      0xf18 libCSpotter_IC.a(BsrAnn.o)
 .rodata        0x20037820      0x800 libCSpotter_IC.a(BsrBen.o)
 .rodata.str1.4
                0x20038020      0x5d9 c:/arc_gnu/bin/../lib/gcc/arc-elf32/8.3.1/../../../../arc-elf32/lib/em4_fpuda\libm.a(lib_a-w_asin.o)
                                  0x4 (size before relaxing)
 .rodata        0x20038020       0x40 c:/arc_gnu/bin/../lib/gcc/arc-elf32/8.3.1/../../../../arc-elf32/lib/em4_fpuda\libm.a(lib_a-s_atan.o)
 .rodata        0x20038060        0x4 c:/arc_gnu/bin/../lib/gcc/arc-elf32/8.3.1/../../../../arc-elf32/lib/em4_fpuda\libc.a(lib_a-impure.o)
                0x20038060                _global_impure_ptr
 .rodata.str1.4
                0x20038064        0x4 c:/arc_gnu/bin/../lib/gcc/arc-elf32/8.3.1/../../../../arc-elf32/lib/em4_fpuda\libc.a(lib_a-puts.o)
 .rodata.str1.4
                0x20038064        0xf c:/arc_gnu/bin/../lib/gcc/arc-elf32/8.3.1/../../../../arc-elf32/lib/em4_fpuda\libc.a(lib_a-strtod.o)
                                 0x14 (size before relaxing)
 *fill*         0x20038073        0x1 
 .rodata        0x20038074      0x1b4 c:/arc_gnu/bin/../lib/gcc/arc-elf32/8.3.1/../../../../arc-elf32/lib/em4_fpuda\libc.a(lib_a-strtod.o)
 .rodata.str1.4
                0x20038228       0x42 c:/arc_gnu/bin/../lib/gcc/arc-elf32/8.3.1/../../../../arc-elf32/lib/em4_fpuda\libc.a(lib_a-svfprintf.o)
                                 0x44 (size before relaxing)
 *fill*         0x2003826a        0x2 
 .rodata        0x2003826c      0x184 c:/arc_gnu/bin/../lib/gcc/arc-elf32/8.3.1/../../../../arc-elf32/lib/em4_fpuda\libc.a(lib_a-svfprintf.o)
 .rodata.str1.4
                0x200383f0       0x44 c:/arc_gnu/bin/../lib/gcc/arc-elf32/8.3.1/../../../../arc-elf32/lib/em4_fpuda\libc.a(lib_a-vfprintf.o)
 .rodata        0x200383f0      0x184 c:/arc_gnu/bin/../lib/gcc/arc-elf32/8.3.1/../../../../arc-elf32/lib/em4_fpuda\libc.a(lib_a-vfprintf.o)
 .rodata.str1.4
                0x20038574        0xd c:/arc_gnu/bin/../lib/gcc/arc-elf32/8.3.1/../../../../arc-elf32/lib/em4_fpuda\libc.a(lib_a-dtoa.o)
                                 0x14 (size before relaxing)
 *fill*         0x20038581        0x3 
 .rodata        0x20038584       0x10 c:/arc_gnu/bin/../lib/gcc/arc-elf32/8.3.1/../../../../arc-elf32/lib/em4_fpuda\libc.a(lib_a-dtoa.o)
 .rodata        0x20038594      0x100 c:/arc_gnu/bin/../lib/gcc/arc-elf32/8.3.1/../../../../arc-elf32/lib/em4_fpuda\libc.a(lib_a-gdtoa-gethex.o)
                0x20038594                __hexdig
 .rodata.str1.4
                0x20038694        0x2 c:/arc_gnu/bin/../lib/gcc/arc-elf32/8.3.1/../../../../arc-elf32/lib/em4_fpuda\libc.a(lib_a-lnumeric.o)